---
source: crates/core/tests/test_parser.rs
expression: "&parser::Module::new(&RelativePathBuf::from_path(path.strip_prefix(&project_root).unwrap()).unwrap(),\n&project_root, &module_resolver,).unwrap()"
input_file: samples/typescript/src/redeclare-import/redeclare-and-export.tsx
---
source_path: src/redeclare-import/redeclare-and-export.tsx
id:
  hash: "13339757074741913233"
  path: src/redeclare-import/redeclare-and-export.tsx
  package_name: UNKNOWN
  mtype: local
created_at: ~
updated_at: ~
exports:
  - source:
      Internal: "RedeclaredButton#1"
    exported_name: RedeclaredButton
declarations:
  - symbol: "Button#1"
    source:
      hash: "13339757074741913233"
      path: src/redeclare-import/redeclare-and-export.tsx
      package_name: UNKNOWN
      mtype: local
    definition: "ExternalSymbol<SymbolWithSource { symbol: Symbol { name: Atom('Button' type=inline), context: #1 }, source: ModuleId { hash: 3516152902168980351, path: \"\", pkg_name: \"ds\", mtype: Package } }>"
    inferred_type:
      TypeOf:
        symbol:
          symbol: "Button#1"
          source:
            hash: "3516152902168980351"
            path: ""
            package_name: ds
            mtype: package
        is_local: false
    start:
      line: 1
      column: 10
    end:
      line: 1
      column: 16
  - symbol: "RedeclaredButton#1"
    source:
      hash: "13339757074741913233"
      path: src/redeclare-import/redeclare-and-export.tsx
      package_name: UNKNOWN
      mtype: local
    definition: "<expression>"
    inferred_type:
      TypeOf:
        symbol:
          symbol: "Button#1"
          source:
            hash: "13339757074741913233"
            path: src/redeclare-import/redeclare-and-export.tsx
            package_name: UNKNOWN
            mtype: local
        is_local: true
    start:
      line: 3
      column: 7
    end:
      line: 3
      column: 23
scopes:
  - owner: "__global#0"
    parent: ~
    children:
      - "RedeclaredButton#1"
    references:
      - "Button#1"
      - "RedeclaredButton#1"
    jsx_references: []
  - owner: "RedeclaredButton#1"
    parent: "__global#0"
    children: []
    references:
      - "Button#1"
    jsx_references: []
body:
  - type: ImportDeclaration
    span:
      start: 1
      end: 29
      ctxt: 0
    specifiers:
      - type: ImportSpecifier
        span:
          start: 10
          end: 16
          ctxt: 0
        local:
          type: Identifier
          span:
            start: 10
            end: 16
            ctxt: 1
          value: Button
          optional: false
        imported: ~
        isTypeOnly: false
    source:
      type: StringLiteral
      span:
        start: 24
        end: 28
        ctxt: 0
      value: ds
      raw: "\"ds\""
    typeOnly: false
    asserts: ~
  - type: VariableDeclaration
    span:
      start: 31
      end: 63
      ctxt: 0
    kind: const
    declare: false
    declarations:
      - type: VariableDeclarator
        span:
          start: 37
          end: 62
          ctxt: 0
        id:
          optional: false
          span:
            start: 37
            end: 53
            ctxt: 1
          type: Identifier
          typeAnnotation: ~
          value: RedeclaredButton
        init:
          type: Identifier
          span:
            start: 56
            end: 62
            ctxt: 1
          value: Button
          optional: false
        definite: false
  - type: ExportNamedDeclaration
    span:
      start: 64
      end: 96
      ctxt: 0
    specifiers:
      - type: ExportSpecifier
        span:
          start: 77
          end: 93
          ctxt: 0
        orig:
          type: Identifier
          span:
            start: 77
            end: 93
            ctxt: 1
          value: RedeclaredButton
          optional: false
        exported: ~
        isTypeOnly: false
    source: ~
    typeOnly: false
    asserts: ~
