---
source: crates/core/tests/test_parser.rs
expression: "&parser::Module::new(&RelativePathBuf::from_path(path.strip_prefix(&project_root).unwrap()).unwrap(),\n&project_root, &module_resolver,).unwrap()"
input_file: samples/typescript/src/scope-shadow.ts
---
source_path: src/scope-shadow.ts
id:
  hash: "7137704214092000161"
  path: src/scope-shadow.ts
  package_name: UNKNOWN
  mtype: local
created_at: ~
updated_at: ~
exports:
  - source:
      Internal: "ax#1"
    exported_name: ax
declarations:
  - symbol: "ax#1"
    source:
      hash: "7137704214092000161"
      path: src/scope-shadow.ts
      package_name: UNKNOWN
      mtype: local
    definition: "<expression>"
    inferred_type: Unknown
    start:
      line: 1
      column: 14
    end:
      line: 1
      column: 16
  - symbol: "ax#2"
    source:
      hash: "7137704214092000161"
      path: src/scope-shadow.ts
      package_name: UNKNOWN
      mtype: local
    definition: "<expression>"
    inferred_type: Unknown
    start:
      line: 4
      column: 11
    end:
      line: 4
      column: 13
  - symbol: "f#1"
    source:
      hash: "7137704214092000161"
      path: src/scope-shadow.ts
      package_name: UNKNOWN
      mtype: local
    definition: "<declaration>"
    inferred_type:
      Function:
        - TypeOf:
            symbol:
              symbol: "ax#2"
              source:
                hash: "7137704214092000161"
                path: src/scope-shadow.ts
                package_name: UNKNOWN
                mtype: local
            is_local: true
    start:
      line: 6
      column: 5
    end:
      line: 8
      column: 6
scopes:
  - owner: "__global#0"
    parent: ~
    children:
      - "ax#1"
      - "ax#1"
      - "ax#2"
      - "f#1"
    references:
      - "ax#1"
      - "ax#2"
      - "f#1"
    jsx_references: []
  - owner: "ax#1"
    parent: "__global#0"
    children: []
    references: []
    jsx_references: []
  - owner: "ax#1"
    parent: "__global#0"
    children: []
    references: []
    jsx_references: []
  - owner: "ax#2"
    parent: "__global#0"
    children: []
    references: []
    jsx_references: []
  - owner: "f#1"
    parent: "__global#0"
    children: []
    references:
      - "ax#2"
    jsx_references: []
body:
  - type: ExportDeclaration
    span:
      start: 1
      end: 21
      ctxt: 0
    declaration:
      type: VariableDeclaration
      span:
        start: 8
        end: 21
        ctxt: 0
      kind: const
      declare: false
      declarations:
        - type: VariableDeclarator
          span:
            start: 14
            end: 20
            ctxt: 0
          id:
            optional: false
            span:
              start: 14
              end: 16
              ctxt: 1
            type: Identifier
            typeAnnotation: ~
            value: ax
          init:
            type: NumericLiteral
            span:
              start: 19
              end: 20
              ctxt: 0
            value: 1.0
            raw: "1"
          definite: false
  - type: BlockStatement
    span:
      start: 23
      end: 97
      ctxt: 0
    stmts:
      - type: VariableDeclaration
        span:
          start: 29
          end: 42
          ctxt: 0
        kind: const
        declare: false
        declarations:
          - type: VariableDeclarator
            span:
              start: 35
              end: 41
              ctxt: 0
            id:
              optional: false
              span:
                start: 35
                end: 37
                ctxt: 2
              type: Identifier
              typeAnnotation: ~
              value: ax
            init:
              type: NumericLiteral
              span:
                start: 40
                end: 41
                ctxt: 0
              value: 2.0
              raw: "2"
            definite: false
      - async: false
        body:
          type: BlockStatement
          span:
            start: 69
            end: 95
            ctxt: 0
          stmts:
            - type: ReturnStatement
              span:
                start: 79
                end: 89
                ctxt: 0
              argument:
                type: Identifier
                span:
                  start: 86
                  end: 88
                  ctxt: 2
                value: ax
                optional: false
        declare: false
        decorators: []
        generator: false
        identifier:
          type: Identifier
          span:
            start: 57
            end: 58
            ctxt: 1
          value: f
          optional: false
        params: []
        returnType:
          type: TsTypeAnnotation
          span:
            start: 60
            end: 68
            ctxt: 0
          typeAnnotation:
            type: TsKeywordType
            span:
              start: 62
              end: 68
              ctxt: 0
            kind: number
        span:
          start: 48
          end: 95
          ctxt: 0
        type: FunctionDeclaration
        typeParameters: ~
