---
source: crates/core/tests/test_parser.rs
expression: "&parser::Module::new(&RelativePathBuf::from_path(path.strip_prefix(&project_root).unwrap()).unwrap(),\n&project_root, &module_resolver,).unwrap()"
input_file: samples/typescript/src/wrapped-components/sample-issues.tsx
---
source_path: src/wrapped-components/sample-issues.tsx
id:
  hash: "17109372023467422174"
  path: src/wrapped-components/sample-issues.tsx
  package_name: UNKNOWN
  mtype: local
created_at: ~
updated_at: ~
exports:
  - source:
      Internal: "IntlComponent#1"
    exported_name: IntlComponent
  - source:
      Internal: "Button#1"
    exported_name: Button
  - source:
      Internal: "HoveringComponent#1"
    exported_name: HoveringComponent
  - source:
      Internal: "CopperSimpleComponent#1"
    exported_name: CopperSimpleComponent
  - source:
      Internal: "WrappedCopperComponent#1"
    exported_name: WrappedCopperComponent
  - source:
      Internal: "WrappedCopperClassComponent#1"
    exported_name: WrappedCopperClassComponent
  - source:
      Internal: "SampleComponent#1"
    exported_name: SampleComponent
  - source:
      Internal: "StyledWrappedComponent#1"
    exported_name: StyledWrappedComponent
  - source:
      Internal: "ComponentWrappedByObjectAssign#1"
    exported_name: ComponentWrappedByObjectAssign
  - source:
      External:
        symbol: "CopperButton#1"
        source:
          hash: "14036575237387688534"
          path: ""
          package_name: "@acme/copper"
          mtype: package
    exported_name: StyledWrappedComponent.CopperButton
  - source:
      Internal: "SampleComponent#1"
    exported_name: StyledWrappedComponent.SampleComponent
  - source:
      Internal: "WrappedCopperComponent#1"
    exported_name: StyledWrappedComponent.WrappedCopperComponent
declarations:
  - symbol: "<anonymous-1>#0"
    source:
      hash: "17109372023467422174"
      path: src/wrapped-components/sample-issues.tsx
      package_name: UNKNOWN
      mtype: local
    definition: "<expression>"
    inferred_type:
      Class:
        TypeOf:
          symbol:
            symbol: "WrappedComponent#4"
            source:
              hash: "17109372023467422174"
              path: src/wrapped-components/sample-issues.tsx
              package_name: UNKNOWN
              mtype: local
          is_local: true
    start:
      line: 16
      column: 12
    end:
      line: 17
      column: 6
  - symbol: "<anonymous-3>#0"
    source:
      hash: "17109372023467422174"
      path: src/wrapped-components/sample-issues.tsx
      package_name: UNKNOWN
      mtype: local
    definition: "<expression>"
    inferred_type:
      Function:
        - JSX
    start:
      line: 22
      column: 38
    end:
      line: 24
      column: 2
  - symbol: "<anonymous-6>#0"
    source:
      hash: "17109372023467422174"
      path: src/wrapped-components/sample-issues.tsx
      package_name: UNKNOWN
      mtype: local
    definition: "<expression>"
    inferred_type:
      Function:
        - JSX
    start:
      line: 26
      column: 50
    end:
      line: 28
      column: 2
  - symbol: "<anonymous-9>#0"
    source:
      hash: "17109372023467422174"
      path: src/wrapped-components/sample-issues.tsx
      package_name: UNKNOWN
      mtype: local
    definition: "<expression>"
    inferred_type:
      Class:
        TypeOf:
          symbol:
            symbol: "Component#1"
            source:
              hash: "17109372023467422174"
              path: src/wrapped-components/sample-issues.tsx
              package_name: UNKNOWN
              mtype: local
          is_local: true
    start:
      line: 30
      column: 55
    end:
      line: 34
      column: 2
  - symbol: "Button#1"
    source:
      hash: "17109372023467422174"
      path: src/wrapped-components/sample-issues.tsx
      package_name: UNKNOWN
      mtype: local
    definition: "<expression>"
    inferred_type:
      ReturnTypeOf:
        - TypeOf:
            symbol:
              symbol: "withRef#1"
              source:
                hash: "17109372023467422174"
                path: src/wrapped-components/sample-issues.tsx
                package_name: UNKNOWN
                mtype: local
            is_local: true
        - - Function: []
    start:
      line: 12
      column: 14
    end:
      line: 12
      column: 20
  - symbol: "Component#1"
    source:
      hash: "17109372023467422174"
      path: src/wrapped-components/sample-issues.tsx
      package_name: UNKNOWN
      mtype: local
    definition: "ExternalSymbol<SymbolWithSource { symbol: Symbol { name: Atom('Component' type=dynamic), context: #1 }, source: ModuleId { hash: 11002248552354871051, path: \"\", pkg_name: \"react\", mtype: Package } }>"
    inferred_type:
      TypeOf:
        symbol:
          symbol: "Component#1"
          source:
            hash: "11002248552354871051"
            path: ""
            package_name: react
            mtype: package
        is_local: false
    start:
      line: 1
      column: 10
    end:
      line: 1
      column: 19
  - symbol: "ComponentWrappedByObjectAssign#1"
    source:
      hash: "17109372023467422174"
      path: src/wrapped-components/sample-issues.tsx
      package_name: UNKNOWN
      mtype: local
    definition: "<expression>"
    inferred_type:
      ReturnTypeOf:
        - MemberOf:
            - TypeOf:
                symbol:
                  symbol: "Object#2"
                  source:
                    hash: "17109372023467422174"
                    path: src/wrapped-components/sample-issues.tsx
                    package_name: UNKNOWN
                    mtype: local
                is_local: true
            - Object: assign
        - - TypeOf:
              symbol:
                symbol: "StyledWrappedComponent#1"
                source:
                  hash: "17109372023467422174"
                  path: src/wrapped-components/sample-issues.tsx
                  package_name: UNKNOWN
                  mtype: local
              is_local: true
          - Object:
              CopperButton:
                TypeOf:
                  symbol:
                    symbol: "CopperButton#1"
                    source:
                      hash: "17109372023467422174"
                      path: src/wrapped-components/sample-issues.tsx
                      package_name: UNKNOWN
                      mtype: local
                  is_local: true
              SampleComponent:
                TypeOf:
                  symbol:
                    symbol: "SampleComponent#1"
                    source:
                      hash: "17109372023467422174"
                      path: src/wrapped-components/sample-issues.tsx
                      package_name: UNKNOWN
                      mtype: local
                  is_local: true
              WrappedCopperComponent:
                TypeOf:
                  symbol:
                    symbol: "WrappedCopperComponent#1"
                    source:
                      hash: "17109372023467422174"
                      path: src/wrapped-components/sample-issues.tsx
                      package_name: UNKNOWN
                      mtype: local
                  is_local: true
    start:
      line: 51
      column: 14
    end:
      line: 51
      column: 44
  - symbol: "CopperButton#1"
    source:
      hash: "17109372023467422174"
      path: src/wrapped-components/sample-issues.tsx
      package_name: UNKNOWN
      mtype: local
    definition: "ExternalSymbol<SymbolWithSource { symbol: Symbol { name: Atom('CopperButton' type=dynamic), context: #1 }, source: ModuleId { hash: 14036575237387688534, path: \"\", pkg_name: \"@acme/copper\", mtype: Package } }>"
    inferred_type:
      TypeOf:
        symbol:
          symbol: "CopperButton#1"
          source:
            hash: "14036575237387688534"
            path: ""
            package_name: "@acme/copper"
            mtype: package
        is_local: false
    start:
      line: 2
      column: 10
    end:
      line: 2
      column: 22
  - symbol: "CopperSimpleComponent#1"
    source:
      hash: "17109372023467422174"
      path: src/wrapped-components/sample-issues.tsx
      package_name: UNKNOWN
      mtype: local
    definition: "<expression>"
    inferred_type:
      Function:
        - JSX
    start:
      line: 22
      column: 14
    end:
      line: 22
      column: 35
  - symbol: "HoveringComponent#1"
    source:
      hash: "17109372023467422174"
      path: src/wrapped-components/sample-issues.tsx
      package_name: UNKNOWN
      mtype: local
    definition: "<expression>"
    inferred_type:
      ReturnTypeOf:
        - TypeOf:
            symbol:
              symbol: "withHoverRegion#1"
              source:
                hash: "17109372023467422174"
                path: src/wrapped-components/sample-issues.tsx
                package_name: UNKNOWN
                mtype: local
            is_local: true
        - - TypeOf:
              symbol:
                symbol: "LocalComponent#1"
                source:
                  hash: "17109372023467422174"
                  path: src/wrapped-components/sample-issues.tsx
                  package_name: UNKNOWN
                  mtype: local
              is_local: true
    start:
      line: 19
      column: 14
    end:
      line: 19
      column: 31
  - symbol: "IntlComponent#1"
    source:
      hash: "17109372023467422174"
      path: src/wrapped-components/sample-issues.tsx
      package_name: UNKNOWN
      mtype: local
    definition: "<expression>"
    inferred_type:
      ReturnTypeOf:
        - TypeOf:
            symbol:
              symbol: "injectIntl#1"
              source:
                hash: "17109372023467422174"
                path: src/wrapped-components/sample-issues.tsx
                package_name: UNKNOWN
                mtype: local
            is_local: true
        - - TypeOf:
              symbol:
                symbol: "LocalComponent#1"
                source:
                  hash: "17109372023467422174"
                  path: src/wrapped-components/sample-issues.tsx
                  package_name: UNKNOWN
                  mtype: local
              is_local: true
    start:
      line: 9
      column: 14
    end:
      line: 9
      column: 27
  - symbol: "LocalComponent#1"
    source:
      hash: "17109372023467422174"
      path: src/wrapped-components/sample-issues.tsx
      package_name: UNKNOWN
      mtype: local
    definition: "<declaration>"
    inferred_type:
      Function:
        - JSX
    start:
      line: 5
      column: 1
    end:
      line: 7
      column: 2
  - symbol: "SampleComponent#1"
    source:
      hash: "17109372023467422174"
      path: src/wrapped-components/sample-issues.tsx
      package_name: UNKNOWN
      mtype: local
    definition: "<expression>"
    inferred_type:
      Function:
        - JSX
    start:
      line: 36
      column: 14
    end:
      line: 36
      column: 29
  - symbol: "StyledWrappedComponent#1"
    source:
      hash: "17109372023467422174"
      path: src/wrapped-components/sample-issues.tsx
      package_name: UNKNOWN
      mtype: local
    definition: "<expression>"
    inferred_type:
      ReturnTypeOf:
        - ReturnTypeOf:
            - TypeOf:
                symbol:
                  symbol: "Styled#2"
                  source:
                    hash: "17109372023467422174"
                    path: src/wrapped-components/sample-issues.tsx
                    package_name: UNKNOWN
                    mtype: local
                is_local: true
            - - TypeOf:
                  symbol:
                    symbol: "styles#2"
                    source:
                      hash: "17109372023467422174"
                      path: src/wrapped-components/sample-issues.tsx
                      package_name: UNKNOWN
                      mtype: local
                  is_local: true
        - - TypeOf:
              symbol:
                symbol: "SampleComponent#1"
                source:
                  hash: "17109372023467422174"
                  path: src/wrapped-components/sample-issues.tsx
                  package_name: UNKNOWN
                  mtype: local
              is_local: true
    start:
      line: 49
      column: 14
    end:
      line: 49
      column: 36
  - symbol: "WrappedComponent#4"
    source:
      hash: "17109372023467422174"
      path: src/wrapped-components/sample-issues.tsx
      package_name: UNKNOWN
      mtype: local
    definition: "Parameter<Symbol { name: Atom('withHoverRegion' type=dynamic), context: #1 }>[0]"
    inferred_type:
      ParameterOf:
        function:
          symbol: "withHoverRegion#1"
          source:
            hash: "17109372023467422174"
            path: src/wrapped-components/sample-issues.tsx
            package_name: UNKNOWN
            mtype: local
        index: 0
    start:
      line: 15
      column: 26
    end:
      line: 15
      column: 42
  - symbol: "WrappedCopperClassComponent#1"
    source:
      hash: "17109372023467422174"
      path: src/wrapped-components/sample-issues.tsx
      package_name: UNKNOWN
      mtype: local
    definition: "<expression>"
    inferred_type:
      ReturnTypeOf:
        - TypeOf:
            symbol:
              symbol: "forwardRef#1"
              source:
                hash: "17109372023467422174"
                path: src/wrapped-components/sample-issues.tsx
                package_name: UNKNOWN
                mtype: local
            is_local: true
        - - Class:
              TypeOf:
                symbol:
                  symbol: "Component#1"
                  source:
                    hash: "17109372023467422174"
                    path: src/wrapped-components/sample-issues.tsx
                    package_name: UNKNOWN
                    mtype: local
                is_local: true
    start:
      line: 30
      column: 14
    end:
      line: 30
      column: 41
  - symbol: "WrappedCopperComponent#1"
    source:
      hash: "17109372023467422174"
      path: src/wrapped-components/sample-issues.tsx
      package_name: UNKNOWN
      mtype: local
    definition: "<expression>"
    inferred_type:
      ReturnTypeOf:
        - TypeOf:
            symbol:
              symbol: "forwardRef#1"
              source:
                hash: "17109372023467422174"
                path: src/wrapped-components/sample-issues.tsx
                package_name: UNKNOWN
                mtype: local
            is_local: true
        - - Function:
              - JSX
    start:
      line: 26
      column: 14
    end:
      line: 26
      column: 36
  - symbol: "classes#5"
    source:
      hash: "17109372023467422174"
      path: src/wrapped-components/sample-issues.tsx
      package_name: UNKNOWN
      mtype: local
    definition: "Parameter<Symbol { name: Atom('SampleComponent' type=dynamic), context: #1 }>[0][classes]"
    inferred_type:
      MemberOf:
        - ParameterOf:
            function:
              symbol: "SampleComponent#1"
              source:
                hash: "17109372023467422174"
                path: src/wrapped-components/sample-issues.tsx
                package_name: UNKNOWN
                mtype: local
            index: 0
        - Object: classes
    start:
      line: 37
      column: 5
    end:
      line: 37
      column: 12
  - symbol: "component#3"
    source:
      hash: "17109372023467422174"
      path: src/wrapped-components/sample-issues.tsx
      package_name: UNKNOWN
      mtype: local
    definition: "Parameter<Symbol { name: Atom('withRef' type=inline), context: #1 }>[0]"
    inferred_type:
      ParameterOf:
        function:
          symbol: "withRef#1"
          source:
            hash: "17109372023467422174"
            path: src/wrapped-components/sample-issues.tsx
            package_name: UNKNOWN
            mtype: local
        index: 0
    start:
      line: 11
      column: 18
    end:
      line: 11
      column: 27
  - symbol: "forwardRef#1"
    source:
      hash: "17109372023467422174"
      path: src/wrapped-components/sample-issues.tsx
      package_name: UNKNOWN
      mtype: local
    definition: "ExternalSymbol<SymbolWithSource { symbol: Symbol { name: Atom('forwardRef' type=dynamic), context: #1 }, source: ModuleId { hash: 11002248552354871051, path: \"\", pkg_name: \"react\", mtype: Package } }>"
    inferred_type:
      TypeOf:
        symbol:
          symbol: "forwardRef#1"
          source:
            hash: "11002248552354871051"
            path: ""
            package_name: react
            mtype: package
        is_local: false
    start:
      line: 1
      column: 21
    end:
      line: 1
      column: 31
  - symbol: "injectIntl#1"
    source:
      hash: "17109372023467422174"
      path: src/wrapped-components/sample-issues.tsx
      package_name: UNKNOWN
      mtype: local
    definition: "ExternalSymbol<SymbolWithSource { symbol: Symbol { name: Atom('injectIntl' type=dynamic), context: #1 }, source: ModuleId { hash: 12848967743216371208, path: \"\", pkg_name: \"react-intl\", mtype: Package } }>"
    inferred_type:
      TypeOf:
        symbol:
          symbol: "injectIntl#1"
          source:
            hash: "12848967743216371208"
            path: ""
            package_name: react-intl
            mtype: package
        is_local: false
    start:
      line: 3
      column: 10
    end:
      line: 3
      column: 20
  - symbol: "items#5"
    source:
      hash: "17109372023467422174"
      path: src/wrapped-components/sample-issues.tsx
      package_name: UNKNOWN
      mtype: local
    definition: "Parameter<Symbol { name: Atom('SampleComponent' type=dynamic), context: #1 }>[0][items]"
    inferred_type:
      MemberOf:
        - ParameterOf:
            function:
              symbol: "SampleComponent#1"
              source:
                hash: "17109372023467422174"
                path: src/wrapped-components/sample-issues.tsx
                package_name: UNKNOWN
                mtype: local
            index: 0
        - Object: items
    start:
      line: 38
      column: 5
    end:
      line: 38
      column: 10
  - symbol: "withHoverRegion#1"
    source:
      hash: "17109372023467422174"
      path: src/wrapped-components/sample-issues.tsx
      package_name: UNKNOWN
      mtype: local
    definition: "<declaration>"
    inferred_type:
      Function:
        - Class:
            TypeOf:
              symbol:
                symbol: "WrappedComponent#4"
                source:
                  hash: "17109372023467422174"
                  path: src/wrapped-components/sample-issues.tsx
                  package_name: UNKNOWN
                  mtype: local
              is_local: true
    start:
      line: 15
      column: 1
    end:
      line: 18
      column: 2
  - symbol: "withRef#1"
    source:
      hash: "17109372023467422174"
      path: src/wrapped-components/sample-issues.tsx
      package_name: UNKNOWN
      mtype: local
    definition: "<expression>"
    inferred_type:
      Function:
        - ReturnTypeOf:
            - TypeOf:
                symbol:
                  symbol: "forwardRef#1"
                  source:
                    hash: "17109372023467422174"
                    path: src/wrapped-components/sample-issues.tsx
                    package_name: UNKNOWN
                    mtype: local
                is_local: true
            - - TypeOf:
                  symbol:
                    symbol: "component#3"
                    source:
                      hash: "17109372023467422174"
                      path: src/wrapped-components/sample-issues.tsx
                      package_name: UNKNOWN
                      mtype: local
                  is_local: true
    start:
      line: 11
      column: 7
    end:
      line: 11
      column: 14
scopes:
  - owner: "__global#0"
    parent: ~
    children:
      - "LocalComponent#1"
      - "IntlComponent#1"
      - "IntlComponent#1"
      - "withRef#1"
      - "Button#1"
      - "Button#1"
      - "withHoverRegion#1"
      - "<anonymous-2>#0"
      - "HoveringComponent#1"
      - "HoveringComponent#1"
      - "CopperSimpleComponent#1"
      - "CopperSimpleComponent#1"
      - "<anonymous-5>#0"
      - "WrappedCopperComponent#1"
      - "WrappedCopperComponent#1"
      - "<anonymous-8>#0"
      - "WrappedCopperClassComponent#1"
      - "WrappedCopperClassComponent#1"
      - "<anonymous-11>#0"
      - "SampleComponent#1"
      - "SampleComponent#1"
      - "StyledWrappedComponent#1"
      - "StyledWrappedComponent#1"
      - "ComponentWrappedByObjectAssign#1"
      - "ComponentWrappedByObjectAssign#1"
    references:
      - "Button#1"
      - "Component#1"
      - "ComponentWrappedByObjectAssign#1"
      - "CopperButton#1"
      - "CopperSimpleComponent#1"
      - "HoveringComponent#1"
      - "IntlComponent#1"
      - "LocalComponent#1"
      - "Object#2"
      - "SampleComponent#1"
      - "Styled#2"
      - "StyledWrappedComponent#1"
      - "WrappedComponent#4"
      - "WrappedCopperClassComponent#1"
      - "WrappedCopperComponent#1"
      - "assign#0"
      - "className#0"
      - "classes#0"
      - "classes#5"
      - "component#3"
      - "div#2"
      - "forwardRef#1"
      - "img#2"
      - "injectIntl#1"
      - "item#6"
      - "items#5"
      - "key#0"
      - "list#0"
      - "map#0"
      - "render#0"
      - "slug#0"
      - "styles#2"
      - "ul#2"
      - "withHoverRegion#1"
      - "withRef#1"
    jsx_references:
      - "CopperButton#1"
      - "div#2"
      - "img#2"
      - "ul#2"
  - owner: "LocalComponent#1"
    parent: "__global#0"
    children: []
    references:
      - "img#2"
    jsx_references:
      - "img#2"
  - owner: "IntlComponent#1"
    parent: "__global#0"
    children: []
    references:
      - "LocalComponent#1"
      - "injectIntl#1"
    jsx_references: []
  - owner: "IntlComponent#1"
    parent: "__global#0"
    children: []
    references:
      - "LocalComponent#1"
      - "injectIntl#1"
    jsx_references: []
  - owner: "withRef#1"
    parent: "__global#0"
    children: []
    references:
      - "component#3"
      - "forwardRef#1"
    jsx_references: []
  - owner: "Button#1"
    parent: "__global#0"
    children: []
    references:
      - "withRef#1"
    jsx_references: []
  - owner: "Button#1"
    parent: "__global#0"
    children: []
    references:
      - "withRef#1"
    jsx_references: []
  - owner: "withHoverRegion#1"
    parent: "__global#0"
    children:
      - "<anonymous-1>#0"
    references:
      - "WrappedComponent#4"
    jsx_references: []
  - owner: "<anonymous-1>#0"
    parent: "withHoverRegion#1"
    children: []
    references:
      - "WrappedComponent#4"
    jsx_references: []
  - owner: "<anonymous-2>#0"
    parent: "__global#0"
    children: []
    references:
      - "WrappedComponent#4"
    jsx_references: []
  - owner: "HoveringComponent#1"
    parent: "__global#0"
    children: []
    references:
      - "LocalComponent#1"
      - "withHoverRegion#1"
    jsx_references: []
  - owner: "HoveringComponent#1"
    parent: "__global#0"
    children: []
    references:
      - "LocalComponent#1"
      - "withHoverRegion#1"
    jsx_references: []
  - owner: "CopperSimpleComponent#1"
    parent: "__global#0"
    children:
      - "<anonymous-3>#0"
    references:
      - "CopperButton#1"
      - "div#2"
    jsx_references:
      - "CopperButton#1"
      - "div#2"
  - owner: "<anonymous-3>#0"
    parent: "CopperSimpleComponent#1"
    children: []
    references:
      - "CopperButton#1"
      - "div#2"
    jsx_references:
      - "CopperButton#1"
      - "div#2"
  - owner: "CopperSimpleComponent#1"
    parent: "__global#0"
    children:
      - "<anonymous-4>#0"
    references:
      - "CopperButton#1"
      - "div#2"
    jsx_references:
      - "CopperButton#1"
      - "div#2"
  - owner: "<anonymous-4>#0"
    parent: "CopperSimpleComponent#1"
    children: []
    references:
      - "CopperButton#1"
      - "div#2"
    jsx_references:
      - "CopperButton#1"
      - "div#2"
  - owner: "<anonymous-5>#0"
    parent: "__global#0"
    children: []
    references:
      - "CopperButton#1"
      - "div#2"
    jsx_references:
      - "CopperButton#1"
      - "div#2"
  - owner: "WrappedCopperComponent#1"
    parent: "__global#0"
    children:
      - "<anonymous-6>#0"
    references:
      - "CopperButton#1"
      - "div#2"
      - "forwardRef#1"
    jsx_references:
      - "CopperButton#1"
      - "div#2"
  - owner: "<anonymous-6>#0"
    parent: "WrappedCopperComponent#1"
    children: []
    references:
      - "CopperButton#1"
      - "div#2"
    jsx_references:
      - "CopperButton#1"
      - "div#2"
  - owner: "WrappedCopperComponent#1"
    parent: "__global#0"
    children:
      - "<anonymous-7>#0"
    references:
      - "CopperButton#1"
      - "div#2"
      - "forwardRef#1"
    jsx_references:
      - "CopperButton#1"
      - "div#2"
  - owner: "<anonymous-7>#0"
    parent: "WrappedCopperComponent#1"
    children: []
    references:
      - "CopperButton#1"
      - "div#2"
    jsx_references:
      - "CopperButton#1"
      - "div#2"
  - owner: "<anonymous-8>#0"
    parent: "__global#0"
    children: []
    references:
      - "CopperButton#1"
      - "div#2"
    jsx_references:
      - "CopperButton#1"
      - "div#2"
  - owner: "WrappedCopperClassComponent#1"
    parent: "__global#0"
    children:
      - "<anonymous-9>#0"
    references:
      - "Component#1"
      - "CopperButton#1"
      - "div#2"
      - "forwardRef#1"
      - "render#0"
    jsx_references:
      - "CopperButton#1"
      - "div#2"
  - owner: "<anonymous-9>#0"
    parent: "WrappedCopperClassComponent#1"
    children: []
    references:
      - "Component#1"
      - "CopperButton#1"
      - "div#2"
      - "render#0"
    jsx_references:
      - "CopperButton#1"
      - "div#2"
  - owner: "WrappedCopperClassComponent#1"
    parent: "__global#0"
    children:
      - "<anonymous-10>#0"
    references:
      - "Component#1"
      - "CopperButton#1"
      - "div#2"
      - "forwardRef#1"
      - "render#0"
    jsx_references:
      - "CopperButton#1"
      - "div#2"
  - owner: "<anonymous-10>#0"
    parent: "WrappedCopperClassComponent#1"
    children: []
    references:
      - "Component#1"
      - "CopperButton#1"
      - "div#2"
      - "render#0"
    jsx_references:
      - "CopperButton#1"
      - "div#2"
  - owner: "<anonymous-11>#0"
    parent: "__global#0"
    children: []
    references:
      - "Component#1"
      - "CopperButton#1"
      - "div#2"
      - "render#0"
    jsx_references:
      - "CopperButton#1"
      - "div#2"
  - owner: "SampleComponent#1"
    parent: "__global#0"
    children: []
    references:
      - "CopperButton#1"
      - "className#0"
      - "classes#0"
      - "classes#5"
      - "item#6"
      - "items#5"
      - "key#0"
      - "list#0"
      - "map#0"
      - "slug#0"
      - "ul#2"
    jsx_references:
      - "CopperButton#1"
      - "ul#2"
  - owner: "SampleComponent#1"
    parent: "__global#0"
    children: []
    references:
      - "CopperButton#1"
      - "className#0"
      - "classes#0"
      - "classes#5"
      - "item#6"
      - "items#5"
      - "key#0"
      - "list#0"
      - "map#0"
      - "slug#0"
      - "ul#2"
    jsx_references:
      - "CopperButton#1"
      - "ul#2"
  - owner: "StyledWrappedComponent#1"
    parent: "__global#0"
    children: []
    references:
      - "SampleComponent#1"
      - "Styled#2"
      - "styles#2"
    jsx_references: []
  - owner: "StyledWrappedComponent#1"
    parent: "__global#0"
    children: []
    references:
      - "SampleComponent#1"
      - "Styled#2"
      - "styles#2"
    jsx_references: []
  - owner: "ComponentWrappedByObjectAssign#1"
    parent: "__global#0"
    children: []
    references:
      - "CopperButton#1"
      - "Object#2"
      - "SampleComponent#1"
      - "StyledWrappedComponent#1"
      - "WrappedCopperComponent#1"
      - "assign#0"
    jsx_references: []
  - owner: "ComponentWrappedByObjectAssign#1"
    parent: "__global#0"
    children: []
    references:
      - "CopperButton#1"
      - "Object#2"
      - "SampleComponent#1"
      - "StyledWrappedComponent#1"
      - "WrappedCopperComponent#1"
      - "assign#0"
    jsx_references: []
body:
  - type: ImportDeclaration
    span:
      start: 1
      end: 47
      ctxt: 0
    specifiers:
      - type: ImportSpecifier
        span:
          start: 10
          end: 19
          ctxt: 0
        local:
          type: Identifier
          span:
            start: 10
            end: 19
            ctxt: 1
          value: Component
          optional: false
        imported: ~
        isTypeOnly: false
      - type: ImportSpecifier
        span:
          start: 21
          end: 31
          ctxt: 0
        local:
          type: Identifier
          span:
            start: 21
            end: 31
            ctxt: 1
          value: forwardRef
          optional: false
        imported: ~
        isTypeOnly: false
    source:
      type: StringLiteral
      span:
        start: 39
        end: 46
        ctxt: 0
      value: react
      raw: "\"react\""
    typeOnly: false
    asserts: ~
  - type: ImportDeclaration
    span:
      start: 48
      end: 92
      ctxt: 0
    specifiers:
      - type: ImportSpecifier
        span:
          start: 57
          end: 69
          ctxt: 0
        local:
          type: Identifier
          span:
            start: 57
            end: 69
            ctxt: 1
          value: CopperButton
          optional: false
        imported: ~
        isTypeOnly: false
    source:
      type: StringLiteral
      span:
        start: 77
        end: 91
        ctxt: 0
      value: "@acme/copper"
      raw: "\"@acme/copper\""
    typeOnly: false
    asserts: ~
  - type: ImportDeclaration
    span:
      start: 93
      end: 133
      ctxt: 0
    specifiers:
      - type: ImportSpecifier
        span:
          start: 102
          end: 112
          ctxt: 0
        local:
          type: Identifier
          span:
            start: 102
            end: 112
            ctxt: 1
          value: injectIntl
          optional: false
        imported: ~
        isTypeOnly: false
    source:
      type: StringLiteral
      span:
        start: 120
        end: 132
        ctxt: 0
      value: react-intl
      raw: "\"react-intl\""
    typeOnly: false
    asserts: ~
  - async: false
    body:
      type: BlockStatement
      span:
        start: 161
        end: 183
        ctxt: 0
      stmts:
        - type: ReturnStatement
          span:
            start: 167
            end: 181
            ctxt: 0
          argument:
            type: JSXElement
            span:
              start: 174
              end: 180
              ctxt: 0
            opening:
              type: JSXOpeningElement
              name:
                type: Identifier
                span:
                  start: 175
                  end: 178
                  ctxt: 2
                value: img
                optional: false
              span:
                start: 174
                end: 180
                ctxt: 0
              attributes: []
              selfClosing: true
              typeArguments: ~
            children: []
            closing: ~
    declare: false
    decorators: []
    generator: false
    identifier:
      type: Identifier
      span:
        start: 144
        end: 158
        ctxt: 1
      value: LocalComponent
      optional: false
    params: []
    returnType: ~
    span:
      start: 135
      end: 183
      ctxt: 0
    type: FunctionDeclaration
    typeParameters: ~
  - type: ExportDeclaration
    span:
      start: 185
      end: 241
      ctxt: 0
    declaration:
      type: VariableDeclaration
      span:
        start: 192
        end: 241
        ctxt: 0
      kind: const
      declare: false
      declarations:
        - type: VariableDeclarator
          span:
            start: 198
            end: 240
            ctxt: 0
          id:
            optional: false
            span:
              start: 198
              end: 211
              ctxt: 1
            type: Identifier
            typeAnnotation: ~
            value: IntlComponent
          init:
            type: CallExpression
            span:
              start: 214
              end: 240
              ctxt: 0
            callee:
              type: Identifier
              span:
                start: 214
                end: 224
                ctxt: 1
              value: injectIntl
              optional: false
            arguments:
              - spread: ~
                expression:
                  type: Identifier
                  span:
                    start: 225
                    end: 239
                    ctxt: 1
                  value: LocalComponent
                  optional: false
            typeArguments: ~
          definite: false
  - type: VariableDeclaration
    span:
      start: 243
      end: 296
      ctxt: 0
    kind: const
    declare: false
    declarations:
      - type: VariableDeclarator
        span:
          start: 249
          end: 295
          ctxt: 0
        id:
          optional: false
          span:
            start: 249
            end: 256
            ctxt: 1
          type: Identifier
          typeAnnotation: ~
          value: withRef
        init:
          type: ArrowFunctionExpression
          span:
            start: 259
            end: 295
            ctxt: 0
          params:
            - optional: false
              span:
                start: 260
                end: 269
                ctxt: 3
              type: Identifier
              typeAnnotation: ~
              value: component
          body:
            type: CallExpression
            span:
              start: 274
              end: 295
              ctxt: 0
            callee:
              type: Identifier
              span:
                start: 274
                end: 284
                ctxt: 1
              value: forwardRef
              optional: false
            arguments:
              - spread: ~
                expression:
                  type: Identifier
                  span:
                    start: 285
                    end: 294
                    ctxt: 3
                  value: component
                  optional: false
            typeArguments: ~
          async: false
          generator: false
          typeParameters: ~
          returnType: ~
        definite: false
  - type: ExportDeclaration
    span:
      start: 297
      end: 338
      ctxt: 0
    declaration:
      type: VariableDeclaration
      span:
        start: 304
        end: 338
        ctxt: 0
      kind: const
      declare: false
      declarations:
        - type: VariableDeclarator
          span:
            start: 310
            end: 337
            ctxt: 0
          id:
            optional: false
            span:
              start: 310
              end: 316
              ctxt: 1
            type: Identifier
            typeAnnotation: ~
            value: Button
          init:
            type: CallExpression
            span:
              start: 319
              end: 337
              ctxt: 0
            callee:
              type: Identifier
              span:
                start: 319
                end: 326
                ctxt: 1
              value: withRef
              optional: false
            arguments:
              - spread: ~
                expression:
                  type: ArrowFunctionExpression
                  span:
                    start: 327
                    end: 336
                    ctxt: 0
                  params: []
                  body:
                    type: BlockStatement
                    span:
                      start: 333
                      end: 336
                      ctxt: 0
                    stmts: []
                  async: false
                  generator: false
                  typeParameters: ~
                  returnType: ~
            typeArguments: ~
          definite: false
  - async: false
    body:
      type: BlockStatement
      span:
        start: 384
        end: 438
        ctxt: 0
      stmts:
        - type: ReturnStatement
          span:
            start: 390
            end: 436
            ctxt: 0
          argument:
            body: []
            decorators: []
            identifier: ~
            implements: []
            isAbstract: false
            span:
              start: 397
              end: 435
              ctxt: 0
            superClass:
              type: Identifier
              span:
                start: 411
                end: 427
                ctxt: 4
              value: WrappedComponent
              optional: false
            superTypeParams: ~
            type: ClassExpression
            typeParams: ~
    declare: false
    decorators: []
    generator: false
    identifier:
      type: Identifier
      span:
        start: 350
        end: 365
        ctxt: 1
      value: withHoverRegion
      optional: false
    params:
      - type: Parameter
        span:
          start: 366
          end: 382
          ctxt: 0
        decorators: []
        pat:
          optional: false
          span:
            start: 366
            end: 382
            ctxt: 4
          type: Identifier
          typeAnnotation: ~
          value: WrappedComponent
    returnType: ~
    span:
      start: 341
      end: 438
      ctxt: 0
    type: FunctionDeclaration
    typeParameters: ~
  - type: ExportDeclaration
    span:
      start: 439
      end: 504
      ctxt: 0
    declaration:
      type: VariableDeclaration
      span:
        start: 446
        end: 504
        ctxt: 0
      kind: const
      declare: false
      declarations:
        - type: VariableDeclarator
          span:
            start: 452
            end: 503
            ctxt: 0
          id:
            optional: false
            span:
              start: 452
              end: 469
              ctxt: 1
            type: Identifier
            typeAnnotation: ~
            value: HoveringComponent
          init:
            type: CallExpression
            span:
              start: 472
              end: 503
              ctxt: 0
            callee:
              type: Identifier
              span:
                start: 472
                end: 487
                ctxt: 1
              value: withHoverRegion
              optional: false
            arguments:
              - spread: ~
                expression:
                  type: Identifier
                  span:
                    start: 488
                    end: 502
                    ctxt: 1
                  value: LocalComponent
                  optional: false
            typeArguments: ~
          definite: false
  - type: ExportDeclaration
    span:
      start: 507
      end: 618
      ctxt: 0
    declaration:
      type: VariableDeclaration
      span:
        start: 514
        end: 618
        ctxt: 0
      kind: const
      declare: false
      declarations:
        - type: VariableDeclarator
          span:
            start: 520
            end: 617
            ctxt: 0
          id:
            optional: false
            span:
              start: 520
              end: 541
              ctxt: 1
            type: Identifier
            typeAnnotation: ~
            value: CopperSimpleComponent
          init:
            async: false
            body:
              type: BlockStatement
              span:
                start: 556
                end: 617
                ctxt: 0
              stmts:
                - type: ReturnStatement
                  span:
                    start: 562
                    end: 615
                    ctxt: 0
                  argument:
                    type: JSXElement
                    span:
                      start: 569
                      end: 614
                      ctxt: 0
                    opening:
                      type: JSXOpeningElement
                      name:
                        type: Identifier
                        span:
                          start: 570
                          end: 573
                          ctxt: 2
                        value: div
                        optional: false
                      span:
                        start: 569
                        end: 574
                        ctxt: 0
                      attributes: []
                      selfClosing: false
                      typeArguments: ~
                    children:
                      - type: JSXElement
                        span:
                          start: 574
                          end: 608
                          ctxt: 0
                        opening:
                          type: JSXOpeningElement
                          name:
                            type: Identifier
                            span:
                              start: 575
                              end: 587
                              ctxt: 1
                            value: CopperButton
                            optional: false
                          span:
                            start: 574
                            end: 588
                            ctxt: 0
                          attributes: []
                          selfClosing: false
                          typeArguments: ~
                        children:
                          - type: JSXText
                            span:
                              start: 588
                              end: 593
                              ctxt: 0
                            value: Hello
                            raw: Hello
                        closing:
                          type: JSXClosingElement
                          span:
                            start: 593
                            end: 608
                            ctxt: 0
                          name:
                            type: Identifier
                            span:
                              start: 595
                              end: 607
                              ctxt: 1
                            value: CopperButton
                            optional: false
                    closing:
                      type: JSXClosingElement
                      span:
                        start: 608
                        end: 614
                        ctxt: 0
                      name:
                        type: Identifier
                        span:
                          start: 610
                          end: 613
                          ctxt: 2
                        value: div
                        optional: false
            decorators: []
            generator: false
            identifier: ~
            params: []
            returnType: ~
            span:
              start: 544
              end: 617
              ctxt: 0
            type: FunctionExpression
            typeParameters: ~
          definite: false
  - type: ExportDeclaration
    span:
      start: 620
      end: 744
      ctxt: 0
    declaration:
      type: VariableDeclaration
      span:
        start: 627
        end: 744
        ctxt: 0
      kind: const
      declare: false
      declarations:
        - type: VariableDeclarator
          span:
            start: 633
            end: 743
            ctxt: 0
          id:
            optional: false
            span:
              start: 633
              end: 655
              ctxt: 1
            type: Identifier
            typeAnnotation: ~
            value: WrappedCopperComponent
          init:
            type: CallExpression
            span:
              start: 658
              end: 743
              ctxt: 0
            callee:
              type: Identifier
              span:
                start: 658
                end: 668
                ctxt: 1
              value: forwardRef
              optional: false
            arguments:
              - spread: ~
                expression:
                  async: false
                  body:
                    type: BlockStatement
                    span:
                      start: 681
                      end: 742
                      ctxt: 0
                    stmts:
                      - type: ReturnStatement
                        span:
                          start: 687
                          end: 740
                          ctxt: 0
                        argument:
                          type: JSXElement
                          span:
                            start: 694
                            end: 739
                            ctxt: 0
                          opening:
                            type: JSXOpeningElement
                            name:
                              type: Identifier
                              span:
                                start: 695
                                end: 698
                                ctxt: 2
                              value: div
                              optional: false
                            span:
                              start: 694
                              end: 699
                              ctxt: 0
                            attributes: []
                            selfClosing: false
                            typeArguments: ~
                          children:
                            - type: JSXElement
                              span:
                                start: 699
                                end: 733
                                ctxt: 0
                              opening:
                                type: JSXOpeningElement
                                name:
                                  type: Identifier
                                  span:
                                    start: 700
                                    end: 712
                                    ctxt: 1
                                  value: CopperButton
                                  optional: false
                                span:
                                  start: 699
                                  end: 713
                                  ctxt: 0
                                attributes: []
                                selfClosing: false
                                typeArguments: ~
                              children:
                                - type: JSXText
                                  span:
                                    start: 713
                                    end: 718
                                    ctxt: 0
                                  value: Hello
                                  raw: Hello
                              closing:
                                type: JSXClosingElement
                                span:
                                  start: 718
                                  end: 733
                                  ctxt: 0
                                name:
                                  type: Identifier
                                  span:
                                    start: 720
                                    end: 732
                                    ctxt: 1
                                  value: CopperButton
                                  optional: false
                          closing:
                            type: JSXClosingElement
                            span:
                              start: 733
                              end: 739
                              ctxt: 0
                            name:
                              type: Identifier
                              span:
                                start: 735
                                end: 738
                                ctxt: 2
                              value: div
                              optional: false
                  decorators: []
                  generator: false
                  identifier: ~
                  params: []
                  returnType: ~
                  span:
                    start: 669
                    end: 742
                    ctxt: 0
                  type: FunctionExpression
                  typeParameters: ~
            typeArguments: ~
          definite: false
  - type: ExportDeclaration
    span:
      start: 746
      end: 912
      ctxt: 0
    declaration:
      type: VariableDeclaration
      span:
        start: 753
        end: 912
        ctxt: 0
      kind: const
      declare: false
      declarations:
        - type: VariableDeclarator
          span:
            start: 759
            end: 911
            ctxt: 0
          id:
            optional: false
            span:
              start: 759
              end: 786
              ctxt: 1
            type: Identifier
            typeAnnotation: ~
            value: WrappedCopperClassComponent
          init:
            type: CallExpression
            span:
              start: 789
              end: 911
              ctxt: 0
            callee:
              type: Identifier
              span:
                start: 789
                end: 799
                ctxt: 1
              value: forwardRef
              optional: false
            arguments:
              - spread: ~
                expression:
                  body:
                    - type: ClassMethod
                      span:
                        start: 830
                        end: 908
                        ctxt: 0
                      key:
                        type: Identifier
                        span:
                          start: 830
                          end: 836
                          ctxt: 0
                        value: render
                        optional: false
                      function:
                        params: []
                        decorators: []
                        span:
                          start: 830
                          end: 908
                          ctxt: 0
                        body:
                          type: BlockStatement
                          span:
                            start: 839
                            end: 908
                            ctxt: 0
                          stmts:
                            - type: ReturnStatement
                              span:
                                start: 849
                                end: 902
                                ctxt: 0
                              argument:
                                type: JSXElement
                                span:
                                  start: 856
                                  end: 901
                                  ctxt: 0
                                opening:
                                  type: JSXOpeningElement
                                  name:
                                    type: Identifier
                                    span:
                                      start: 857
                                      end: 860
                                      ctxt: 2
                                    value: div
                                    optional: false
                                  span:
                                    start: 856
                                    end: 861
                                    ctxt: 0
                                  attributes: []
                                  selfClosing: false
                                  typeArguments: ~
                                children:
                                  - type: JSXElement
                                    span:
                                      start: 861
                                      end: 895
                                      ctxt: 0
                                    opening:
                                      type: JSXOpeningElement
                                      name:
                                        type: Identifier
                                        span:
                                          start: 862
                                          end: 874
                                          ctxt: 1
                                        value: CopperButton
                                        optional: false
                                      span:
                                        start: 861
                                        end: 875
                                        ctxt: 0
                                      attributes: []
                                      selfClosing: false
                                      typeArguments: ~
                                    children:
                                      - type: JSXText
                                        span:
                                          start: 875
                                          end: 880
                                          ctxt: 0
                                        value: Hello
                                        raw: Hello
                                    closing:
                                      type: JSXClosingElement
                                      span:
                                        start: 880
                                        end: 895
                                        ctxt: 0
                                      name:
                                        type: Identifier
                                        span:
                                          start: 882
                                          end: 894
                                          ctxt: 1
                                        value: CopperButton
                                        optional: false
                                closing:
                                  type: JSXClosingElement
                                  span:
                                    start: 895
                                    end: 901
                                    ctxt: 0
                                  name:
                                    type: Identifier
                                    span:
                                      start: 897
                                      end: 900
                                      ctxt: 2
                                    value: div
                                    optional: false
                        generator: false
                        async: false
                        typeParameters: ~
                        returnType: ~
                      kind: method
                      isStatic: false
                      accessibility: ~
                      isAbstract: false
                      isOptional: false
                      isOverride: false
                  decorators: []
                  identifier: ~
                  implements: []
                  isAbstract: false
                  span:
                    start: 800
                    end: 910
                    ctxt: 0
                  superClass:
                    type: Identifier
                    span:
                      start: 814
                      end: 823
                      ctxt: 1
                    value: Component
                    optional: false
                  superTypeParams: ~
                  type: ClassExpression
                  typeParams: ~
            typeArguments: ~
          definite: false
  - type: ExportDeclaration
    span:
      start: 914
      end: 1182
      ctxt: 0
    declaration:
      type: VariableDeclaration
      span:
        start: 921
        end: 1182
        ctxt: 0
      kind: const
      declare: false
      declarations:
        - type: VariableDeclarator
          span:
            start: 927
            end: 1181
            ctxt: 0
          id:
            optional: false
            span:
              start: 927
              end: 942
              ctxt: 1
            type: Identifier
            typeAnnotation: ~
            value: SampleComponent
          init:
            type: ArrowFunctionExpression
            span:
              start: 945
              end: 1181
              ctxt: 0
            params:
              - type: ObjectPattern
                span:
                  start: 946
                  end: 973
                  ctxt: 0
                properties:
                  - type: AssignmentPatternProperty
                    span:
                      start: 952
                      end: 959
                      ctxt: 0
                    key:
                      type: Identifier
                      span:
                        start: 952
                        end: 959
                        ctxt: 5
                      value: classes
                      optional: false
                    value: ~
                  - type: AssignmentPatternProperty
                    span:
                      start: 965
                      end: 970
                      ctxt: 0
                    key:
                      type: Identifier
                      span:
                        start: 965
                        end: 970
                        ctxt: 5
                      value: items
                      optional: false
                    value: ~
                optional: false
                typeAnnotation: ~
            body:
              type: BlockStatement
              span:
                start: 978
                end: 1181
                ctxt: 0
              stmts:
                - type: ReturnStatement
                  span:
                    start: 984
                    end: 1179
                    ctxt: 0
                  argument:
                    type: ParenthesisExpression
                    span:
                      start: 991
                      end: 1178
                      ctxt: 0
                    expression:
                      type: JSXElement
                      span:
                        start: 1001
                        end: 1172
                        ctxt: 0
                      opening:
                        type: JSXOpeningElement
                        name:
                          type: Identifier
                          span:
                            start: 1002
                            end: 1004
                            ctxt: 2
                          value: ul
                          optional: false
                        span:
                          start: 1001
                          end: 1030
                          ctxt: 0
                        attributes:
                          - type: JSXAttribute
                            span:
                              start: 1005
                              end: 1029
                              ctxt: 0
                            name:
                              type: Identifier
                              span:
                                start: 1005
                                end: 1014
                                ctxt: 0
                              value: className
                              optional: false
                            value:
                              type: JSXExpressionContainer
                              span:
                                start: 1015
                                end: 1029
                                ctxt: 0
                              expression:
                                type: MemberExpression
                                span:
                                  start: 1016
                                  end: 1028
                                  ctxt: 0
                                object:
                                  type: Identifier
                                  span:
                                    start: 1016
                                    end: 1023
                                    ctxt: 5
                                  value: classes
                                  optional: false
                                property:
                                  type: Identifier
                                  span:
                                    start: 1024
                                    end: 1028
                                    ctxt: 0
                                  value: list
                                  optional: false
                        selfClosing: false
                        typeArguments: ~
                      children:
                        - type: JSXText
                          span:
                            start: 1030
                            end: 1043
                            ctxt: 0
                          value: "\n\n            "
                          raw: "\n\n            "
                        - type: JSXExpressionContainer
                          span:
                            start: 1043
                            end: 1158
                            ctxt: 0
                          expression:
                            type: CallExpression
                            span:
                              start: 1044
                              end: 1157
                              ctxt: 0
                            callee:
                              type: MemberExpression
                              span:
                                start: 1044
                                end: 1053
                                ctxt: 0
                              object:
                                type: Identifier
                                span:
                                  start: 1044
                                  end: 1049
                                  ctxt: 5
                                value: items
                                optional: false
                              property:
                                type: Identifier
                                span:
                                  start: 1050
                                  end: 1053
                                  ctxt: 0
                                value: map
                                optional: false
                            arguments:
                              - spread: ~
                                expression:
                                  type: ArrowFunctionExpression
                                  span:
                                    start: 1054
                                    end: 1156
                                    ctxt: 0
                                  params:
                                    - optional: false
                                      span:
                                        start: 1055
                                        end: 1059
                                        ctxt: 6
                                      type: Identifier
                                      typeAnnotation: ~
                                      value: item
                                  body:
                                    type: ParenthesisExpression
                                    span:
                                      start: 1064
                                      end: 1156
                                      ctxt: 0
                                    expression:
                                      type: JSXElement
                                      span:
                                        start: 1082
                                        end: 1142
                                        ctxt: 0
                                      opening:
                                        type: JSXOpeningElement
                                        name:
                                          type: Identifier
                                          span:
                                            start: 1083
                                            end: 1095
                                            ctxt: 1
                                          value: CopperButton
                                          optional: false
                                        span:
                                          start: 1082
                                          end: 1142
                                          ctxt: 0
                                        attributes:
                                          - type: JSXAttribute
                                            span:
                                              start: 1096
                                              end: 1111
                                              ctxt: 0
                                            name:
                                              type: Identifier
                                              span:
                                                start: 1096
                                                end: 1099
                                                ctxt: 0
                                              value: key
                                              optional: false
                                            value:
                                              type: JSXExpressionContainer
                                              span:
                                                start: 1100
                                                end: 1111
                                                ctxt: 0
                                              expression:
                                                type: MemberExpression
                                                span:
                                                  start: 1101
                                                  end: 1110
                                                  ctxt: 0
                                                object:
                                                  type: Identifier
                                                  span:
                                                    start: 1101
                                                    end: 1105
                                                    ctxt: 6
                                                  value: item
                                                  optional: false
                                                property:
                                                  type: Identifier
                                                  span:
                                                    start: 1106
                                                    end: 1110
                                                    ctxt: 0
                                                  value: slug
                                                  optional: false
                                          - type: JSXAttribute
                                            span:
                                              start: 1112
                                              end: 1129
                                              ctxt: 0
                                            name:
                                              type: Identifier
                                              span:
                                                start: 1112
                                                end: 1119
                                                ctxt: 0
                                              value: classes
                                              optional: false
                                            value:
                                              type: JSXExpressionContainer
                                              span:
                                                start: 1120
                                                end: 1129
                                                ctxt: 0
                                              expression:
                                                type: Identifier
                                                span:
                                                  start: 1121
                                                  end: 1128
                                                  ctxt: 5
                                                value: classes
                                                optional: false
                                          - type: SpreadElement
                                            spread:
                                              start: 1131
                                              end: 1134
                                              ctxt: 0
                                            arguments:
                                              type: Identifier
                                              span:
                                                start: 1134
                                                end: 1138
                                                ctxt: 6
                                              value: item
                                              optional: false
                                        selfClosing: true
                                        typeArguments: ~
                                      children: []
                                      closing: ~
                                  async: false
                                  generator: false
                                  typeParameters: ~
                                  returnType: ~
                            typeArguments: ~
                        - type: JSXText
                          span:
                            start: 1158
                            end: 1167
                            ctxt: 0
                          value: "\n\n        "
                          raw: "\n\n        "
                      closing:
                        type: JSXClosingElement
                        span:
                          start: 1167
                          end: 1172
                          ctxt: 0
                        name:
                          type: Identifier
                          span:
                            start: 1169
                            end: 1171
                            ctxt: 2
                          value: ul
                          optional: false
            async: false
            generator: false
            typeParameters: ~
            returnType: ~
          definite: false
  - type: ExportDeclaration
    span:
      start: 1184
      end: 1258
      ctxt: 0
    declaration:
      type: VariableDeclaration
      span:
        start: 1191
        end: 1258
        ctxt: 0
      kind: const
      declare: false
      declarations:
        - type: VariableDeclarator
          span:
            start: 1197
            end: 1257
            ctxt: 0
          id:
            optional: false
            span:
              start: 1197
              end: 1219
              ctxt: 1
            type: Identifier
            typeAnnotation: ~
            value: StyledWrappedComponent
          init:
            type: CallExpression
            span:
              start: 1222
              end: 1257
              ctxt: 0
            callee:
              type: CallExpression
              span:
                start: 1222
                end: 1240
                ctxt: 0
              callee:
                type: Identifier
                span:
                  start: 1222
                  end: 1228
                  ctxt: 2
                value: Styled
                optional: false
              arguments:
                - spread: ~
                  expression:
                    type: Identifier
                    span:
                      start: 1233
                      end: 1239
                      ctxt: 2
                    value: styles
                    optional: false
              typeArguments:
                type: TsTypeParameterInstantiation
                span:
                  start: 1228
                  end: 1232
                  ctxt: 0
                params:
                  - type: TsTypeLiteral
                    span:
                      start: 1229
                      end: 1231
                      ctxt: 0
                    members: []
            arguments:
              - spread: ~
                expression:
                  type: Identifier
                  span:
                    start: 1241
                    end: 1256
                    ctxt: 1
                  value: SampleComponent
                  optional: false
            typeArguments: ~
          definite: false
  - type: ExportDeclaration
    span:
      start: 1260
      end: 1628
      ctxt: 0
    declaration:
      type: VariableDeclaration
      span:
        start: 1267
        end: 1628
        ctxt: 0
      kind: const
      declare: false
      declarations:
        - type: VariableDeclarator
          span:
            start: 1273
            end: 1627
            ctxt: 0
          id:
            optional: false
            span:
              start: 1273
              end: 1303
              ctxt: 1
            type: Identifier
            typeAnnotation: ~
            value: ComponentWrappedByObjectAssign
          init:
            type: CallExpression
            span:
              start: 1306
              end: 1627
              ctxt: 0
            callee:
              type: MemberExpression
              span:
                start: 1306
                end: 1319
                ctxt: 0
              object:
                type: Identifier
                span:
                  start: 1306
                  end: 1312
                  ctxt: 2
                value: Object
                optional: false
              property:
                type: Identifier
                span:
                  start: 1313
                  end: 1319
                  ctxt: 0
                value: assign
                optional: false
            arguments:
              - spread: ~
                expression:
                  type: Identifier
                  span:
                    start: 1320
                    end: 1342
                    ctxt: 1
                  value: StyledWrappedComponent
                  optional: false
              - spread: ~
                expression:
                  type: ObjectExpression
                  span:
                    start: 1344
                    end: 1626
                    ctxt: 0
                  properties:
                    - type: Identifier
                      span:
                        start: 1406
                        end: 1421
                        ctxt: 1
                      value: SampleComponent
                      optional: false
                    - type: Identifier
                      span:
                        start: 1513
                        end: 1535
                        ctxt: 1
                      value: WrappedCopperComponent
                      optional: false
                    - type: Identifier
                      span:
                        start: 1612
                        end: 1624
                        ctxt: 1
                      value: CopperButton
                      optional: false
            typeArguments: ~
          definite: false
