---
source: crates/core/tests/test_parser.rs
expression: "&parser::Module::new(&RelativePathBuf::from_path(path.strip_prefix(&project_root).unwrap()).unwrap(),\n&project_root, &module_resolver,).unwrap()"
input_file: samples/typescript/src/multiple-exports/child.tsx
---
source_path: src/multiple-exports/child.tsx
id:
  hash: "15799224372355022261"
  path: src/multiple-exports/child.tsx
  package_name: UNKNOWN
  mtype: local
created_at: ~
updated_at: ~
exports:
  - source:
      Internal: "Margin#1"
    exported_name: Margin
  - source:
      Internal: "default#0"
    exported_name: default
declarations:
  - symbol: "Margin#1"
    source:
      hash: "15799224372355022261"
      path: src/multiple-exports/child.tsx
      package_name: UNKNOWN
      mtype: local
    definition: "<expression>"
    inferred_type:
      ReturnTypeOf:
        - MemberOf:
            - TypeOf:
                symbol:
                  symbol: "styled#1"
                  source:
                    hash: "15799224372355022261"
                    path: src/multiple-exports/child.tsx
                    package_name: UNKNOWN
                    mtype: local
                is_local: true
            - Object: div
        - []
    start:
      line: 3
      column: 14
    end:
      line: 3
      column: 20
  - symbol: "default#0"
    source:
      hash: "15799224372355022261"
      path: src/multiple-exports/child.tsx
      package_name: UNKNOWN
      mtype: local
    definition: "<expression>"
    inferred_type:
      TypeOf:
        symbol:
          symbol: "Margin#1"
          source:
            hash: "15799224372355022261"
            path: src/multiple-exports/child.tsx
            package_name: UNKNOWN
            mtype: local
        is_local: true
    start:
      line: 8
      column: 1
    end:
      line: 8
      column: 23
  - symbol: "styled#1"
    source:
      hash: "15799224372355022261"
      path: src/multiple-exports/child.tsx
      package_name: UNKNOWN
      mtype: local
    definition: "ExternalSymbol<SymbolWithSource { symbol: Symbol { name: Atom('default' type=static), context: #0 }, source: ModuleId { hash: 3407005538810520906, path: \"\", pkg_name: \"styled-components\", mtype: Package } }>"
    inferred_type:
      TypeOf:
        symbol:
          symbol: "default#0"
          source:
            hash: "3407005538810520906"
            path: ""
            package_name: styled-components
            mtype: package
        is_local: false
    start:
      line: 1
      column: 8
    end:
      line: 1
      column: 14
scopes:
  - owner: "__global#0"
    parent: ~
    children:
      - "Margin#1"
      - "Margin#1"
      - "default#0"
    references:
      - "Margin#1"
      - "div#0"
      - "styled#1"
    jsx_references: []
  - owner: "Margin#1"
    parent: "__global#0"
    children: []
    references:
      - "div#0"
      - "styled#1"
    jsx_references: []
  - owner: "Margin#1"
    parent: "__global#0"
    children: []
    references:
      - "div#0"
      - "styled#1"
    jsx_references: []
  - owner: "default#0"
    parent: "__global#0"
    children: []
    references:
      - "Margin#1"
    jsx_references: []
body:
  - type: ImportDeclaration
    span:
      start: 1
      end: 40
      ctxt: 0
    specifiers:
      - type: ImportDefaultSpecifier
        span:
          start: 8
          end: 14
          ctxt: 0
        local:
          type: Identifier
          span:
            start: 8
            end: 14
            ctxt: 1
          value: styled
          optional: false
    source:
      type: StringLiteral
      span:
        start: 20
        end: 39
        ctxt: 0
      value: styled-components
      raw: "'styled-components'"
    typeOnly: false
    asserts: ~
  - type: ExportDeclaration
    span:
      start: 42
      end: 120
      ctxt: 0
    declaration:
      type: VariableDeclaration
      span:
        start: 49
        end: 120
        ctxt: 0
      kind: const
      declare: false
      declarations:
        - type: VariableDeclarator
          span:
            start: 55
            end: 119
            ctxt: 0
          id:
            optional: false
            span:
              start: 55
              end: 61
              ctxt: 1
            type: Identifier
            typeAnnotation: ~
            value: Margin
          init:
            type: TaggedTemplateExpression
            span:
              start: 64
              end: 119
              ctxt: 0
            tag:
              type: MemberExpression
              span:
                start: 64
                end: 74
                ctxt: 0
              object:
                type: Identifier
                span:
                  start: 64
                  end: 70
                  ctxt: 1
                value: styled
                optional: false
              property:
                type: Identifier
                span:
                  start: 71
                  end: 74
                  ctxt: 0
                value: div
                optional: false
            typeParameters: ~
            template:
              type: TemplateLiteral
              span:
                start: 74
                end: 119
                ctxt: 0
              expressions: []
              quasis:
                - type: TemplateElement
                  span:
                    start: 75
                    end: 118
                    ctxt: 0
                  tail: true
                  cooked: "\n  margin: 10px;\n  box-sizing: border-box;\n"
                  raw: "\n  margin: 10px;\n  box-sizing: border-box;\n"
          definite: false
  - type: ExportDefaultExpression
    span:
      start: 122
      end: 144
      ctxt: 0
    expression:
      type: Identifier
      span:
        start: 137
        end: 143
        ctxt: 1
      value: Margin
      optional: false
