---
source: crates/core/tests/test_parser.rs
expression: "&parser::Module::new(&RelativePathBuf::from_path(path.strip_prefix(&project_root).unwrap()).unwrap(),\n&project_root, &module_resolver,).unwrap()"
input_file: samples/typescript/src/styled-component-workaround/from-tag-workaround.tsx
---
source_path: src/styled-component-workaround/from-tag-workaround.tsx
id:
  hash: "9955313872641114330"
  path: src/styled-component-workaround/from-tag-workaround.tsx
  package_name: UNKNOWN
  mtype: local
created_at: ~
updated_at: ~
exports:
  - source:
      Internal: "default#0"
    exported_name: default
declarations:
  - symbol: "StyledSample#1"
    source:
      hash: "9955313872641114330"
      path: src/styled-component-workaround/from-tag-workaround.tsx
      package_name: UNKNOWN
      mtype: local
    definition: "<expression>"
    inferred_type:
      ReturnTypeOf:
        - MemberOf:
            - TypeOf:
                symbol:
                  symbol: "styled#1"
                  source:
                    hash: "9955313872641114330"
                    path: src/styled-component-workaround/from-tag-workaround.tsx
                    package_name: UNKNOWN
                    mtype: local
                is_local: true
            - Object: div
        - []
    start:
      line: 3
      column: 7
    end:
      line: 3
      column: 19
  - symbol: "default#0"
    source:
      hash: "9955313872641114330"
      path: src/styled-component-workaround/from-tag-workaround.tsx
      package_name: UNKNOWN
      mtype: local
    definition: "<expression>"
    inferred_type:
      TypeOf:
        symbol:
          symbol: "StyledSample#1"
          source:
            hash: "9955313872641114330"
            path: src/styled-component-workaround/from-tag-workaround.tsx
            package_name: UNKNOWN
            mtype: local
        is_local: true
    start:
      line: 7
      column: 1
    end:
      line: 7
      column: 29
  - symbol: "styled#1"
    source:
      hash: "9955313872641114330"
      path: src/styled-component-workaround/from-tag-workaround.tsx
      package_name: UNKNOWN
      mtype: local
    definition: "ExternalSymbol<SymbolWithSource { symbol: Symbol { name: Atom('default' type=static), context: #0 }, source: ModuleId { hash: 17217891852522968423, path: \"src/styled-component-workaround/my-styled-components\", pkg_name: \"UNKNOWN\", mtype: Local } }>"
    inferred_type:
      TypeOf:
        symbol:
          symbol: "default#0"
          source:
            hash: "17217891852522968423"
            path: src/styled-component-workaround/my-styled-components
            package_name: UNKNOWN
            mtype: local
        is_local: false
    start:
      line: 1
      column: 8
    end:
      line: 1
      column: 14
scopes:
  - owner: "__global#0"
    parent: ~
    children:
      - "StyledSample#1"
      - "default#0"
    references:
      - "StyledSample#1"
      - "div#0"
      - "styled#1"
    jsx_references: []
  - owner: "StyledSample#1"
    parent: "__global#0"
    children: []
    references:
      - "div#0"
      - "styled#1"
    jsx_references: []
  - owner: "default#0"
    parent: "__global#0"
    children: []
    references:
      - "StyledSample#1"
    jsx_references: []
body:
  - type: ImportDeclaration
    span:
      start: 1
      end: 45
      ctxt: 0
    specifiers:
      - type: ImportDefaultSpecifier
        span:
          start: 8
          end: 14
          ctxt: 0
        local:
          type: Identifier
          span:
            start: 8
            end: 14
            ctxt: 1
          value: styled
          optional: false
    source:
      type: StringLiteral
      span:
        start: 20
        end: 44
        ctxt: 0
      value: "./my-styled-components"
      raw: "\"./my-styled-components\""
    typeOnly: false
    asserts: ~
  - type: VariableDeclaration
    span:
      start: 47
      end: 109
      ctxt: 0
    kind: const
    declare: false
    declarations:
      - type: VariableDeclarator
        span:
          start: 53
          end: 108
          ctxt: 0
        id:
          optional: false
          span:
            start: 53
            end: 65
            ctxt: 1
          type: Identifier
          typeAnnotation: ~
          value: StyledSample
        init:
          type: TaggedTemplateExpression
          span:
            start: 68
            end: 108
            ctxt: 0
          tag:
            type: MemberExpression
            span:
              start: 68
              end: 78
              ctxt: 0
            object:
              type: Identifier
              span:
                start: 68
                end: 74
                ctxt: 1
              value: styled
              optional: false
            property:
              type: Identifier
              span:
                start: 75
                end: 78
                ctxt: 0
              value: div
              optional: false
          typeParameters: ~
          template:
            type: TemplateLiteral
            span:
              start: 78
              end: 108
              ctxt: 0
            expressions: []
            quasis:
              - type: TemplateElement
                span:
                  start: 79
                  end: 107
                  ctxt: 0
                tail: true
                cooked: "\n    background-color: red;\n"
                raw: "\n    background-color: red;\n"
        definite: false
  - type: ExportDefaultExpression
    span:
      start: 111
      end: 139
      ctxt: 0
    expression:
      type: Identifier
      span:
        start: 126
        end: 138
        ctxt: 1
      value: StyledSample
      optional: false
