---
source: crates/core/tests/test_parser.rs
expression: "&parser::Module::new(&RelativePathBuf::from_path(path.strip_prefix(&project_root).unwrap()).unwrap(),\n&project_root, &module_resolver,).unwrap()"
input_file: samples/typescript/src/memo/preact-memo.tsx
---
source_path: src/memo/preact-memo.tsx
id:
  hash: "1447777692813656272"
  path: src/memo/preact-memo.tsx
  package_name: UNKNOWN
  mtype: local
created_at: ~
updated_at: ~
exports:
  - source:
      Internal: "default#0"
    exported_name: default
declarations:
  - symbol: "PreactMemoComponent#1"
    source:
      hash: "1447777692813656272"
      path: src/memo/preact-memo.tsx
      package_name: UNKNOWN
      mtype: local
    definition: "<declaration>"
    inferred_type:
      Function:
        - JSX
    start:
      line: 3
      column: 1
    end:
      line: 5
      column: 2
  - symbol: "default#0"
    source:
      hash: "1447777692813656272"
      path: src/memo/preact-memo.tsx
      package_name: UNKNOWN
      mtype: local
    definition: "<expression>"
    inferred_type:
      ReturnTypeOf:
        - TypeOf:
            symbol:
              symbol: "memo#1"
              source:
                hash: "1447777692813656272"
                path: src/memo/preact-memo.tsx
                package_name: UNKNOWN
                mtype: local
            is_local: true
        - - TypeOf:
              symbol:
                symbol: "PreactMemoComponent#1"
                source:
                  hash: "1447777692813656272"
                  path: src/memo/preact-memo.tsx
                  package_name: UNKNOWN
                  mtype: local
              is_local: true
    start:
      line: 7
      column: 1
    end:
      line: 7
      column: 42
  - symbol: "memo#1"
    source:
      hash: "1447777692813656272"
      path: src/memo/preact-memo.tsx
      package_name: UNKNOWN
      mtype: local
    definition: "ExternalSymbol<SymbolWithSource { symbol: Symbol { name: Atom('memo' type=inline), context: #1 }, source: ModuleId { hash: 9616039670075199621, path: \"compat\", pkg_name: \"preact\", mtype: Package } }>"
    inferred_type:
      TypeOf:
        symbol:
          symbol: "memo#1"
          source:
            hash: "9616039670075199621"
            path: compat
            package_name: preact
            mtype: package
        is_local: false
    start:
      line: 1
      column: 10
    end:
      line: 1
      column: 14
scopes:
  - owner: "__global#0"
    parent: ~
    children:
      - "PreactMemoComponent#1"
      - "default#0"
    references:
      - "PreactMemoComponent#1"
      - "div#2"
      - "memo#1"
    jsx_references:
      - "div#2"
  - owner: "PreactMemoComponent#1"
    parent: "__global#0"
    children: []
    references:
      - "div#2"
    jsx_references:
      - "div#2"
  - owner: "default#0"
    parent: "__global#0"
    children: []
    references:
      - "PreactMemoComponent#1"
      - "memo#1"
    jsx_references: []
body:
  - type: ImportDeclaration
    span:
      start: 1
      end: 38
      ctxt: 0
    specifiers:
      - type: ImportSpecifier
        span:
          start: 10
          end: 14
          ctxt: 0
        local:
          type: Identifier
          span:
            start: 10
            end: 14
            ctxt: 1
          value: memo
          optional: false
        imported: ~
        isTypeOnly: false
    source:
      type: StringLiteral
      span:
        start: 22
        end: 37
        ctxt: 0
      value: preact/compat
      raw: "\"preact/compat\""
    typeOnly: false
    asserts: ~
  - async: false
    body:
      type: BlockStatement
      span:
        start: 71
        end: 119
        ctxt: 0
      stmts:
        - type: ReturnStatement
          span:
            start: 77
            end: 117
            ctxt: 0
          argument:
            type: JSXElement
            span:
              start: 84
              end: 116
              ctxt: 0
            opening:
              type: JSXOpeningElement
              name:
                type: Identifier
                span:
                  start: 85
                  end: 88
                  ctxt: 2
                value: div
                optional: false
              span:
                start: 84
                end: 89
                ctxt: 0
              attributes: []
              selfClosing: false
              typeArguments: ~
            children:
              - type: JSXText
                span:
                  start: 89
                  end: 110
                  ctxt: 0
                value: Preact memo component
                raw: Preact memo component
            closing:
              type: JSXClosingElement
              span:
                start: 110
                end: 116
                ctxt: 0
              name:
                type: Identifier
                span:
                  start: 112
                  end: 115
                  ctxt: 2
                value: div
                optional: false
    declare: false
    decorators: []
    generator: false
    identifier:
      type: Identifier
      span:
        start: 49
        end: 68
        ctxt: 1
      value: PreactMemoComponent
      optional: false
    params: []
    returnType: ~
    span:
      start: 40
      end: 119
      ctxt: 0
    type: FunctionDeclaration
    typeParameters: ~
  - type: ExportDefaultExpression
    span:
      start: 121
      end: 162
      ctxt: 0
    expression:
      type: CallExpression
      span:
        start: 136
        end: 161
        ctxt: 0
      callee:
        type: Identifier
        span:
          start: 136
          end: 140
          ctxt: 1
        value: memo
        optional: false
      arguments:
        - spread: ~
          expression:
            type: Identifier
            span:
              start: 141
              end: 160
              ctxt: 1
            value: PreactMemoComponent
            optional: false
      typeArguments: ~

