---
source: crates/core/tests/test_parser.rs
expression: "&parser::Module::new(&RelativePathBuf::from_path(path.strip_prefix(&project_root).unwrap()).unwrap(),\n&project_root, &module_resolver,).unwrap()"
input_file: samples/typescript/src/indirect-deps/indirect-deps.tsx
---
source_path: src/indirect-deps/indirect-deps.tsx
id:
  hash: "12139914938646175938"
  path: src/indirect-deps/indirect-deps.tsx
  package_name: UNKNOWN
  mtype: local
created_at: ~
updated_at: ~
exports:
  - source:
      Internal: "ExportedFooter#1"
    exported_name: ExportedFooter
  - source:
      Internal: "Dialog#1"
    exported_name: Dialog
  - source:
      Internal: "AnotherDialog#1"
    exported_name: AnotherDialog
declarations:
  - symbol: "AnotherDialog#1"
    source:
      hash: "12139914938646175938"
      path: src/indirect-deps/indirect-deps.tsx
      package_name: UNKNOWN
      mtype: local
    definition: "<declaration>"
    inferred_type:
      Function:
        - JSX
    start:
      line: 30
      column: 8
    end:
      line: 38
      column: 2
  - symbol: "Button#1"
    source:
      hash: "12139914938646175938"
      path: src/indirect-deps/indirect-deps.tsx
      package_name: UNKNOWN
      mtype: local
    definition: "ExternalSymbol<SymbolWithSource { symbol: Symbol { name: Atom('Button' type=inline), context: #1 }, source: ModuleId { hash: 4369040476700946144, path: \"src/indirect-deps/used-indirectly\", pkg_name: \"UNKNOWN\", mtype: Local } }>"
    inferred_type:
      TypeOf:
        symbol:
          symbol: "Button#1"
          source:
            hash: "4369040476700946144"
            path: src/indirect-deps/used-indirectly
            package_name: UNKNOWN
            mtype: local
        is_local: false
    start:
      line: 1
      column: 10
    end:
      line: 1
      column: 16
  - symbol: "Dialog#1"
    source:
      hash: "12139914938646175938"
      path: src/indirect-deps/indirect-deps.tsx
      package_name: UNKNOWN
      mtype: local
    definition: "<declaration>"
    inferred_type:
      Function:
        - JSX
    start:
      line: 19
      column: 8
    end:
      line: 28
      column: 2
  - symbol: "ExportedFooter#1"
    source:
      hash: "12139914938646175938"
      path: src/indirect-deps/indirect-deps.tsx
      package_name: UNKNOWN
      mtype: local
    definition: "<declaration>"
    inferred_type:
      Function:
        - JSX
    start:
      line: 3
      column: 8
    end:
      line: 7
      column: 2
  - symbol: "Footer#1"
    source:
      hash: "12139914938646175938"
      path: src/indirect-deps/indirect-deps.tsx
      package_name: UNKNOWN
      mtype: local
    definition: "<declaration>"
    inferred_type:
      Function:
        - JSX
    start:
      line: 9
      column: 1
    end:
      line: 13
      column: 2
  - symbol: "Input#1"
    source:
      hash: "12139914938646175938"
      path: src/indirect-deps/indirect-deps.tsx
      package_name: UNKNOWN
      mtype: local
    definition: "ExternalSymbol<SymbolWithSource { symbol: Symbol { name: Atom('Input' type=inline), context: #1 }, source: ModuleId { hash: 4369040476700946144, path: \"src/indirect-deps/used-indirectly\", pkg_name: \"UNKNOWN\", mtype: Local } }>"
    inferred_type:
      TypeOf:
        symbol:
          symbol: "Input#1"
          source:
            hash: "4369040476700946144"
            path: src/indirect-deps/used-indirectly
            package_name: UNKNOWN
            mtype: local
        is_local: false
    start:
      line: 1
      column: 18
    end:
      line: 1
      column: 23
  - symbol: "InputComp#3"
    source:
      hash: "12139914938646175938"
      path: src/indirect-deps/indirect-deps.tsx
      package_name: UNKNOWN
      mtype: local
    definition: "<expression>"
    inferred_type:
      ReturnTypeOf:
        - TypeOf:
            symbol:
              symbol: "getInput#1"
              source:
                hash: "12139914938646175938"
                path: src/indirect-deps/indirect-deps.tsx
                package_name: UNKNOWN
                mtype: local
            is_local: true
        - []
    start:
      line: 20
      column: 11
    end:
      line: 20
      column: 20
  - symbol: "InputComp#4"
    source:
      hash: "12139914938646175938"
      path: src/indirect-deps/indirect-deps.tsx
      package_name: UNKNOWN
      mtype: local
    definition: "<expression>"
    inferred_type:
      ReturnTypeOf:
        - TypeOf:
            symbol:
              symbol: "getInput#1"
              source:
                hash: "12139914938646175938"
                path: src/indirect-deps/indirect-deps.tsx
                package_name: UNKNOWN
                mtype: local
            is_local: true
        - []
    start:
      line: 31
      column: 11
    end:
      line: 31
      column: 20
  - symbol: "getInput#1"
    source:
      hash: "12139914938646175938"
      path: src/indirect-deps/indirect-deps.tsx
      package_name: UNKNOWN
      mtype: local
    definition: "<declaration>"
    inferred_type:
      Function:
        - TypeOf:
            symbol:
              symbol: "Input#1"
              source:
                hash: "12139914938646175938"
                path: src/indirect-deps/indirect-deps.tsx
                package_name: UNKNOWN
                mtype: local
            is_local: true
    start:
      line: 15
      column: 1
    end:
      line: 17
      column: 2
scopes:
  - owner: "__global#0"
    parent: ~
    children:
      - "ExportedFooter#1"
      - "ExportedFooter#1"
      - "Footer#1"
      - "getInput#1"
      - "Dialog#1"
      - "Dialog#1"
      - "InputComp#3"
      - "AnotherDialog#1"
      - "AnotherDialog#1"
      - "InputComp#4"
    references:
      - "AnotherDialog#1"
      - "Button#1"
      - "Dialog#1"
      - "ExportedFooter#1"
      - "Footer#1"
      - "Input#1"
      - "InputComp#3"
      - "InputComp#4"
      - "div#2"
      - "getInput#1"
      - "h1#2"
    jsx_references:
      - "Button#1"
      - "ExportedFooter#1"
      - "Footer#1"
      - "InputComp#3"
      - "InputComp#4"
      - "div#2"
      - "h1#2"
  - owner: "ExportedFooter#1"
    parent: "__global#0"
    children: []
    references:
      - "Button#1"
      - "div#2"
    jsx_references:
      - "Button#1"
      - "div#2"
  - owner: "ExportedFooter#1"
    parent: "__global#0"
    children: []
    references:
      - "Button#1"
      - "div#2"
    jsx_references:
      - "Button#1"
      - "div#2"
  - owner: "Footer#1"
    parent: "__global#0"
    children: []
    references:
      - "Button#1"
      - "div#2"
    jsx_references:
      - "Button#1"
      - "div#2"
  - owner: "getInput#1"
    parent: "__global#0"
    children: []
    references:
      - "Input#1"
    jsx_references: []
  - owner: "Dialog#1"
    parent: "__global#0"
    children:
      - "InputComp#3"
    references:
      - "ExportedFooter#1"
      - "Footer#1"
      - "InputComp#3"
      - "div#2"
      - "getInput#1"
      - "h1#2"
    jsx_references:
      - "ExportedFooter#1"
      - "Footer#1"
      - "InputComp#3"
      - "div#2"
      - "h1#2"
  - owner: "InputComp#3"
    parent: "Dialog#1"
    children: []
    references:
      - "getInput#1"
    jsx_references: []
  - owner: "Dialog#1"
    parent: "__global#0"
    children:
      - "InputComp#3"
    references:
      - "ExportedFooter#1"
      - "Footer#1"
      - "InputComp#3"
      - "div#2"
      - "getInput#1"
      - "h1#2"
    jsx_references:
      - "ExportedFooter#1"
      - "Footer#1"
      - "InputComp#3"
      - "div#2"
      - "h1#2"
  - owner: "InputComp#3"
    parent: "Dialog#1"
    children: []
    references:
      - "getInput#1"
    jsx_references: []
  - owner: "InputComp#3"
    parent: "__global#0"
    children: []
    references:
      - "getInput#1"
    jsx_references: []
  - owner: "AnotherDialog#1"
    parent: "__global#0"
    children:
      - "InputComp#4"
    references:
      - "ExportedFooter#1"
      - "InputComp#4"
      - "div#2"
      - "getInput#1"
      - "h1#2"
    jsx_references:
      - "ExportedFooter#1"
      - "InputComp#4"
      - "div#2"
      - "h1#2"
  - owner: "InputComp#4"
    parent: "AnotherDialog#1"
    children: []
    references:
      - "getInput#1"
    jsx_references: []
  - owner: "AnotherDialog#1"
    parent: "__global#0"
    children:
      - "InputComp#4"
    references:
      - "ExportedFooter#1"
      - "InputComp#4"
      - "div#2"
      - "getInput#1"
      - "h1#2"
    jsx_references:
      - "ExportedFooter#1"
      - "InputComp#4"
      - "div#2"
      - "h1#2"
  - owner: "InputComp#4"
    parent: "AnotherDialog#1"
    children: []
    references:
      - "getInput#1"
    jsx_references: []
  - owner: "InputComp#4"
    parent: "__global#0"
    children: []
    references:
      - "getInput#1"
    jsx_references: []
body:
  - type: ImportDeclaration
    span:
      start: 1
      end: 51
      ctxt: 0
    specifiers:
      - type: ImportSpecifier
        span:
          start: 10
          end: 16
          ctxt: 0
        local:
          type: Identifier
          span:
            start: 10
            end: 16
            ctxt: 1
          value: Button
          optional: false
        imported: ~
        isTypeOnly: false
      - type: ImportSpecifier
        span:
          start: 18
          end: 23
          ctxt: 0
        local:
          type: Identifier
          span:
            start: 18
            end: 23
            ctxt: 1
          value: Input
          optional: false
        imported: ~
        isTypeOnly: false
    source:
      type: StringLiteral
      span:
        start: 31
        end: 50
        ctxt: 0
      value: "./used-indirectly"
      raw: "\"./used-indirectly\""
    typeOnly: false
    asserts: ~
  - type: ExportDeclaration
    span:
      start: 53
      end: 136
      ctxt: 0
    declaration:
      async: false
      body:
        type: BlockStatement
        span:
          start: 86
          end: 136
          ctxt: 0
        stmts:
          - type: ReturnStatement
            span:
              start: 92
              end: 134
              ctxt: 0
            argument:
              type: JSXElement
              span:
                start: 99
                end: 133
                ctxt: 0
              opening:
                type: JSXOpeningElement
                name:
                  type: Identifier
                  span:
                    start: 100
                    end: 103
                    ctxt: 2
                  value: div
                  optional: false
                span:
                  start: 99
                  end: 104
                  ctxt: 0
                attributes: []
                selfClosing: false
                typeArguments: ~
              children:
                - type: JSXText
                  span:
                    start: 104
                    end: 113
                    ctxt: 0
                  value: "\n\n        "
                  raw: "\n\n        "
                - type: JSXElement
                  span:
                    start: 113
                    end: 122
                    ctxt: 0
                  opening:
                    type: JSXOpeningElement
                    name:
                      type: Identifier
                      span:
                        start: 114
                        end: 120
                        ctxt: 1
                      value: Button
                      optional: false
                    span:
                      start: 113
                      end: 122
                      ctxt: 0
                    attributes: []
                    selfClosing: true
                    typeArguments: ~
                  children: []
                  closing: ~
                - type: JSXText
                  span:
                    start: 122
                    end: 127
                    ctxt: 0
                  value: "\n\n    "
                  raw: "\n\n    "
              closing:
                type: JSXClosingElement
                span:
                  start: 127
                  end: 133
                  ctxt: 0
                name:
                  type: Identifier
                  span:
                    start: 129
                    end: 132
                    ctxt: 2
                  value: div
                  optional: false
      declare: false
      decorators: []
      generator: false
      identifier:
        type: Identifier
        span:
          start: 69
          end: 83
          ctxt: 1
        value: ExportedFooter
        optional: false
      params: []
      returnType: ~
      span:
        start: 60
        end: 136
        ctxt: 0
      type: FunctionDeclaration
      typeParameters: ~
  - async: false
    body:
      type: BlockStatement
      span:
        start: 156
        end: 206
        ctxt: 0
      stmts:
        - type: ReturnStatement
          span:
            start: 162
            end: 204
            ctxt: 0
          argument:
            type: JSXElement
            span:
              start: 169
              end: 203
              ctxt: 0
            opening:
              type: JSXOpeningElement
              name:
                type: Identifier
                span:
                  start: 170
                  end: 173
                  ctxt: 2
                value: div
                optional: false
              span:
                start: 169
                end: 174
                ctxt: 0
              attributes: []
              selfClosing: false
              typeArguments: ~
            children:
              - type: JSXText
                span:
                  start: 174
                  end: 183
                  ctxt: 0
                value: "\n\n        "
                raw: "\n\n        "
              - type: JSXElement
                span:
                  start: 183
                  end: 192
                  ctxt: 0
                opening:
                  type: JSXOpeningElement
                  name:
                    type: Identifier
                    span:
                      start: 184
                      end: 190
                      ctxt: 1
                    value: Button
                    optional: false
                  span:
                    start: 183
                    end: 192
                    ctxt: 0
                  attributes: []
                  selfClosing: true
                  typeArguments: ~
                children: []
                closing: ~
              - type: JSXText
                span:
                  start: 192
                  end: 197
                  ctxt: 0
                value: "\n\n    "
                raw: "\n\n    "
            closing:
              type: JSXClosingElement
              span:
                start: 197
                end: 203
                ctxt: 0
              name:
                type: Identifier
                span:
                  start: 199
                  end: 202
                  ctxt: 2
                value: div
                optional: false
    declare: false
    decorators: []
    generator: false
    identifier:
      type: Identifier
      span:
        start: 147
        end: 153
        ctxt: 1
      value: Footer
      optional: false
    params: []
    returnType: ~
    span:
      start: 138
      end: 206
      ctxt: 0
    type: FunctionDeclaration
    typeParameters: ~
  - async: false
    body:
      type: BlockStatement
      span:
        start: 228
        end: 249
        ctxt: 0
      stmts:
        - type: ReturnStatement
          span:
            start: 234
            end: 247
            ctxt: 0
          argument:
            type: Identifier
            span:
              start: 241
              end: 246
              ctxt: 1
            value: Input
            optional: false
    declare: false
    decorators: []
    generator: false
    identifier:
      type: Identifier
      span:
        start: 217
        end: 225
        ctxt: 1
      value: getInput
      optional: false
    params: []
    returnType: ~
    span:
      start: 208
      end: 249
      ctxt: 0
    type: FunctionDeclaration
    typeParameters: ~
  - type: ExportDeclaration
    span:
      start: 251
      end: 431
      ctxt: 0
    declaration:
      async: false
      body:
        type: BlockStatement
        span:
          start: 276
          end: 431
          ctxt: 0
        stmts:
          - type: VariableDeclaration
            span:
              start: 282
              end: 311
              ctxt: 0
            kind: const
            declare: false
            declarations:
              - type: VariableDeclarator
                span:
                  start: 288
                  end: 310
                  ctxt: 0
                id:
                  optional: false
                  span:
                    start: 288
                    end: 297
                    ctxt: 3
                  type: Identifier
                  typeAnnotation: ~
                  value: InputComp
                init:
                  type: CallExpression
                  span:
                    start: 300
                    end: 310
                    ctxt: 0
                  callee:
                    type: Identifier
                    span:
                      start: 300
                      end: 308
                      ctxt: 1
                    value: getInput
                    optional: false
                  arguments: []
                  typeArguments: ~
                definite: false
          - type: ReturnStatement
            span:
              start: 317
              end: 429
              ctxt: 0
            argument:
              type: JSXElement
              span:
                start: 324
                end: 428
                ctxt: 0
              opening:
                type: JSXOpeningElement
                name:
                  type: Identifier
                  span:
                    start: 325
                    end: 328
                    ctxt: 2
                  value: div
                  optional: false
                span:
                  start: 324
                  end: 329
                  ctxt: 0
                attributes: []
                selfClosing: false
                typeArguments: ~
              children:
                - type: JSXText
                  span:
                    start: 329
                    end: 338
                    ctxt: 0
                  value: "\n\n        "
                  raw: "\n\n        "
                - type: JSXElement
                  span:
                    start: 338
                    end: 352
                    ctxt: 0
                  opening:
                    type: JSXOpeningElement
                    name:
                      type: Identifier
                      span:
                        start: 339
                        end: 341
                        ctxt: 2
                      value: h1
                      optional: false
                    span:
                      start: 338
                      end: 342
                      ctxt: 0
                    attributes: []
                    selfClosing: false
                    typeArguments: ~
                  children:
                    - type: JSXText
                      span:
                        start: 342
                        end: 347
                        ctxt: 0
                      value: Hello
                      raw: Hello
                  closing:
                    type: JSXClosingElement
                    span:
                      start: 347
                      end: 352
                      ctxt: 0
                    name:
                      type: Identifier
                      span:
                        start: 349
                        end: 351
                        ctxt: 2
                      value: h1
                      optional: false
                - type: JSXText
                  span:
                    start: 352
                    end: 361
                    ctxt: 0
                  value: "\n\n        "
                  raw: "\n\n        "
                - type: JSXElement
                  span:
                    start: 361
                    end: 373
                    ctxt: 0
                  opening:
                    type: JSXOpeningElement
                    name:
                      type: Identifier
                      span:
                        start: 362
                        end: 371
                        ctxt: 3
                      value: InputComp
                      optional: false
                    span:
                      start: 361
                      end: 373
                      ctxt: 0
                    attributes: []
                    selfClosing: true
                    typeArguments: ~
                  children: []
                  closing: ~
                - type: JSXText
                  span:
                    start: 373
                    end: 382
                    ctxt: 0
                  value: "\n\n        "
                  raw: "\n\n        "
                - type: JSXElement
                  span:
                    start: 382
                    end: 391
                    ctxt: 0
                  opening:
                    type: JSXOpeningElement
                    name:
                      type: Identifier
                      span:
                        start: 383
                        end: 389
                        ctxt: 1
                      value: Footer
                      optional: false
                    span:
                      start: 382
                      end: 391
                      ctxt: 0
                    attributes: []
                    selfClosing: true
                    typeArguments: ~
                  children: []
                  closing: ~
                - type: JSXText
                  span:
                    start: 391
                    end: 400
                    ctxt: 0
                  value: "\n\n        "
                  raw: "\n\n        "
                - type: JSXElement
                  span:
                    start: 400
                    end: 417
                    ctxt: 0
                  opening:
                    type: JSXOpeningElement
                    name:
                      type: Identifier
                      span:
                        start: 401
                        end: 415
                        ctxt: 1
                      value: ExportedFooter
                      optional: false
                    span:
                      start: 400
                      end: 417
                      ctxt: 0
                    attributes: []
                    selfClosing: true
                    typeArguments: ~
                  children: []
                  closing: ~
                - type: JSXText
                  span:
                    start: 417
                    end: 422
                    ctxt: 0
                  value: "\n\n    "
                  raw: "\n\n    "
              closing:
                type: JSXClosingElement
                span:
                  start: 422
                  end: 428
                  ctxt: 0
                name:
                  type: Identifier
                  span:
                    start: 424
                    end: 427
                    ctxt: 2
                  value: div
                  optional: false
      declare: false
      decorators: []
      generator: false
      identifier:
        type: Identifier
        span:
          start: 267
          end: 273
          ctxt: 1
        value: Dialog
        optional: false
      params: []
      returnType: ~
      span:
        start: 258
        end: 431
        ctxt: 0
      type: FunctionDeclaration
      typeParameters: ~
  - type: ExportDeclaration
    span:
      start: 433
      end: 602
      ctxt: 0
    declaration:
      async: false
      body:
        type: BlockStatement
        span:
          start: 465
          end: 602
          ctxt: 0
        stmts:
          - type: VariableDeclaration
            span:
              start: 471
              end: 500
              ctxt: 0
            kind: const
            declare: false
            declarations:
              - type: VariableDeclarator
                span:
                  start: 477
                  end: 499
                  ctxt: 0
                id:
                  optional: false
                  span:
                    start: 477
                    end: 486
                    ctxt: 4
                  type: Identifier
                  typeAnnotation: ~
                  value: InputComp
                init:
                  type: CallExpression
                  span:
                    start: 489
                    end: 499
                    ctxt: 0
                  callee:
                    type: Identifier
                    span:
                      start: 489
                      end: 497
                      ctxt: 1
                    value: getInput
                    optional: false
                  arguments: []
                  typeArguments: ~
                definite: false
          - type: ReturnStatement
            span:
              start: 506
              end: 600
              ctxt: 0
            argument:
              type: JSXElement
              span:
                start: 513
                end: 599
                ctxt: 0
              opening:
                type: JSXOpeningElement
                name:
                  type: Identifier
                  span:
                    start: 514
                    end: 517
                    ctxt: 2
                  value: div
                  optional: false
                span:
                  start: 513
                  end: 518
                  ctxt: 0
                attributes: []
                selfClosing: false
                typeArguments: ~
              children:
                - type: JSXText
                  span:
                    start: 518
                    end: 527
                    ctxt: 0
                  value: "\n\n        "
                  raw: "\n\n        "
                - type: JSXElement
                  span:
                    start: 527
                    end: 541
                    ctxt: 0
                  opening:
                    type: JSXOpeningElement
                    name:
                      type: Identifier
                      span:
                        start: 528
                        end: 530
                        ctxt: 2
                      value: h1
                      optional: false
                    span:
                      start: 527
                      end: 531
                      ctxt: 0
                    attributes: []
                    selfClosing: false
                    typeArguments: ~
                  children:
                    - type: JSXText
                      span:
                        start: 531
                        end: 536
                        ctxt: 0
                      value: Hello
                      raw: Hello
                  closing:
                    type: JSXClosingElement
                    span:
                      start: 536
                      end: 541
                      ctxt: 0
                    name:
                      type: Identifier
                      span:
                        start: 538
                        end: 540
                        ctxt: 2
                      value: h1
                      optional: false
                - type: JSXText
                  span:
                    start: 541
                    end: 550
                    ctxt: 0
                  value: "\n\n        "
                  raw: "\n\n        "
                - type: JSXElement
                  span:
                    start: 550
                    end: 562
                    ctxt: 0
                  opening:
                    type: JSXOpeningElement
                    name:
                      type: Identifier
                      span:
                        start: 551
                        end: 560
                        ctxt: 4
                      value: InputComp
                      optional: false
                    span:
                      start: 550
                      end: 562
                      ctxt: 0
                    attributes: []
                    selfClosing: true
                    typeArguments: ~
                  children: []
                  closing: ~
                - type: JSXText
                  span:
                    start: 562
                    end: 571
                    ctxt: 0
                  value: "\n\n        "
                  raw: "\n\n        "
                - type: JSXElement
                  span:
                    start: 571
                    end: 588
                    ctxt: 0
                  opening:
                    type: JSXOpeningElement
                    name:
                      type: Identifier
                      span:
                        start: 572
                        end: 586
                        ctxt: 1
                      value: ExportedFooter
                      optional: false
                    span:
                      start: 571
                      end: 588
                      ctxt: 0
                    attributes: []
                    selfClosing: true
                    typeArguments: ~
                  children: []
                  closing: ~
                - type: JSXText
                  span:
                    start: 588
                    end: 593
                    ctxt: 0
                  value: "\n\n    "
                  raw: "\n\n    "
              closing:
                type: JSXClosingElement
                span:
                  start: 593
                  end: 599
                  ctxt: 0
                name:
                  type: Identifier
                  span:
                    start: 595
                    end: 598
                    ctxt: 2
                  value: div
                  optional: false
      declare: false
      decorators: []
      generator: false
      identifier:
        type: Identifier
        span:
          start: 449
          end: 462
          ctxt: 1
        value: AnotherDialog
        optional: false
      params: []
      returnType: ~
      span:
        start: 440
        end: 602
        ctxt: 0
      type: FunctionDeclaration
      typeParameters: ~
