---
source: crates/core/tests/test_parser.rs
expression: "&parser::Module::new(&RelativePathBuf::from_path(path.strip_prefix(&project_root).unwrap()).unwrap(),\n&project_root, &module_resolver,).unwrap()"
input_file: samples/typescript/src/object-properties/property-access.tsx
---
source_path: src/object-properties/property-access.tsx
id:
  hash: "7342811217206971394"
  path: src/object-properties/property-access.tsx
  package_name: UNKNOWN
  mtype: local
created_at: ~
updated_at: ~
exports:
  - source:
      Internal: "PropertyAccess#1"
    exported_name: default
declarations:
  - symbol: "Box#1"
    source:
      hash: "7342811217206971394"
      path: src/object-properties/property-access.tsx
      package_name: UNKNOWN
      mtype: local
    definition: "ExternalSymbol<SymbolWithSource { symbol: Symbol { name: Atom('Box' type=inline), context: #1 }, source: ModuleId { hash: 10072812099332075239, path: \"\", pkg_name: \"@mui/material\", mtype: Package } }>"
    inferred_type:
      TypeOf:
        symbol:
          symbol: "Box#1"
          source:
            hash: "10072812099332075239"
            path: ""
            package_name: "@mui/material"
            mtype: package
        is_local: false
    start:
      line: 2
      column: 10
    end:
      line: 2
      column: 13
  - symbol: "PropertyAccess#1"
    source:
      hash: "7342811217206971394"
      path: src/object-properties/property-access.tsx
      package_name: UNKNOWN
      mtype: local
    definition: "<expression>"
    inferred_type:
      Function:
        - JSX
    start:
      line: 4
      column: 16
    end:
      line: 15
      column: 2
  - symbol: "React#1"
    source:
      hash: "7342811217206971394"
      path: src/object-properties/property-access.tsx
      package_name: UNKNOWN
      mtype: local
    definition: "ExternalSymbol<SymbolWithSource { symbol: Symbol { name: Atom('default' type=static), context: #0 }, source: ModuleId { hash: 11002248552354871051, path: \"\", pkg_name: \"react\", mtype: Package } }>"
    inferred_type:
      TypeOf:
        symbol:
          symbol: "default#0"
          source:
            hash: "11002248552354871051"
            path: ""
            package_name: react
            mtype: package
        is_local: false
    start:
      line: 1
      column: 8
    end:
      line: 1
      column: 13
  - symbol: "key1#2"
    source:
      hash: "7342811217206971394"
      path: src/object-properties/property-access.tsx
      package_name: UNKNOWN
      mtype: local
    definition: "Parameter<Symbol { name: Atom('PropertyAccess' type=dynamic), context: #1 }>[0]"
    inferred_type:
      ParameterOf:
        function:
          symbol: "PropertyAccess#1"
          source:
            hash: "7342811217206971394"
            path: src/object-properties/property-access.tsx
            package_name: UNKNOWN
            mtype: local
        index: 0
    start:
      line: 4
      column: 40
    end:
      line: 4
      column: 44
  - symbol: "key2#2"
    source:
      hash: "7342811217206971394"
      path: src/object-properties/property-access.tsx
      package_name: UNKNOWN
      mtype: local
    definition: "Parameter<Symbol { name: Atom('PropertyAccess' type=dynamic), context: #1 }>[1]"
    inferred_type:
      ParameterOf:
        function:
          symbol: "PropertyAccess#1"
          source:
            hash: "7342811217206971394"
            path: src/object-properties/property-access.tsx
            package_name: UNKNOWN
            mtype: local
        index: 1
    start:
      line: 4
      column: 46
    end:
      line: 4
      column: 50
scopes:
  - owner: "__global#0"
    parent: ~
    children:
      - "PropertyAccess#1"
      - "PropertyAccess#1"
    references:
      - "Box#1"
      - "PropertyAccess#1"
      - "React#1"
      - "dynamicMargin#0"
      - "dynamicPadding#0"
      - "key1#2"
      - "key2#2"
      - "margin#0"
      - "padding#0"
      - "sx#0"
    jsx_references:
      - "Box#1"
  - owner: "PropertyAccess#1"
    parent: "__global#0"
    children: []
    references:
      - "Box#1"
      - "dynamicMargin#0"
      - "dynamicPadding#0"
      - "key1#2"
      - "key2#2"
      - "margin#0"
      - "padding#0"
      - "sx#0"
    jsx_references:
      - "Box#1"
  - owner: "PropertyAccess#1"
    parent: "__global#0"
    children: []
    references:
      - "Box#1"
      - "dynamicMargin#0"
      - "dynamicPadding#0"
      - "key1#2"
      - "key2#2"
      - "margin#0"
      - "padding#0"
      - "sx#0"
    jsx_references:
      - "Box#1"
body:
  - type: ImportDeclaration
    span:
      start: 1
      end: 27
      ctxt: 0
    specifiers:
      - type: ImportDefaultSpecifier
        span:
          start: 8
          end: 13
          ctxt: 0
        local:
          type: Identifier
          span:
            start: 8
            end: 13
            ctxt: 1
          value: React
          optional: false
    source:
      type: StringLiteral
      span:
        start: 19
        end: 26
        ctxt: 0
      value: react
      raw: "\"react\""
    typeOnly: false
    asserts: ~
  - type: ImportDeclaration
    span:
      start: 28
      end: 64
      ctxt: 0
    specifiers:
      - type: ImportSpecifier
        span:
          start: 37
          end: 40
          ctxt: 0
        local:
          type: Identifier
          span:
            start: 37
            end: 40
            ctxt: 1
          value: Box
          optional: false
        imported: ~
        isTypeOnly: false
    source:
      type: StringLiteral
      span:
        start: 48
        end: 63
        ctxt: 0
      value: "@mui/material"
      raw: "\"@mui/material\""
    typeOnly: false
    asserts: ~
  - type: ExportDefaultDeclaration
    span:
      start: 66
      end: 336
      ctxt: 0
    decl:
      async: false
      body:
        type: BlockStatement
        span:
          start: 117
          end: 336
          ctxt: 0
        stmts:
          - type: ReturnStatement
            span:
              start: 123
              end: 334
              ctxt: 0
            argument:
              type: ParenthesisExpression
              span:
                start: 130
                end: 333
                ctxt: 0
              expression:
                type: JSXElement
                span:
                  start: 140
                  end: 327
                  ctxt: 0
                opening:
                  type: JSXOpeningElement
                  name:
                    type: Identifier
                    span:
                      start: 141
                      end: 144
                      ctxt: 1
                    value: Box
                    optional: false
                  span:
                    start: 140
                    end: 280
                    ctxt: 0
                  attributes:
                    - type: JSXAttribute
                      span:
                        start: 157
                        end: 270
                        ctxt: 0
                      name:
                        type: Identifier
                        span:
                          start: 157
                          end: 159
                          ctxt: 0
                        value: sx
                        optional: false
                      value:
                        type: JSXExpressionContainer
                        span:
                          start: 160
                          end: 270
                          ctxt: 0
                        expression:
                          type: ObjectExpression
                          span:
                            start: 161
                            end: 269
                            ctxt: 0
                          properties:
                            - type: KeyValueProperty
                              key:
                                type: Identifier
                                span:
                                  start: 179
                                  end: 193
                                  ctxt: 0
                                value: dynamicPadding
                                optional: false
                              value:
                                type: MemberExpression
                                span:
                                  start: 195
                                  end: 207
                                  ctxt: 0
                                object:
                                  type: Identifier
                                  span:
                                    start: 195
                                    end: 199
                                    ctxt: 2
                                  value: key1
                                  optional: false
                                property:
                                  type: Identifier
                                  span:
                                    start: 200
                                    end: 207
                                    ctxt: 0
                                  value: padding
                                  optional: false
                            - type: KeyValueProperty
                              key:
                                type: Identifier
                                span:
                                  start: 225
                                  end: 238
                                  ctxt: 0
                                value: dynamicMargin
                                optional: false
                              value:
                                type: MemberExpression
                                span:
                                  start: 240
                                  end: 254
                                  ctxt: 0
                                object:
                                  type: MemberExpression
                                  span:
                                    start: 240
                                    end: 251
                                    ctxt: 0
                                  object:
                                    type: Identifier
                                    span:
                                      start: 240
                                      end: 244
                                      ctxt: 2
                                    value: key2
                                    optional: false
                                  property:
                                    type: Identifier
                                    span:
                                      start: 245
                                      end: 251
                                      ctxt: 0
                                    value: margin
                                    optional: false
                                property:
                                  type: Computed
                                  span:
                                    start: 251
                                    end: 254
                                    ctxt: 0
                                  expression:
                                    type: NumericLiteral
                                    span:
                                      start: 252
                                      end: 253
                                      ctxt: 0
                                    value: 0.0
                                    raw: "0"
                  selfClosing: false
                  typeArguments: ~
                children:
                  - type: JSXText
                    span:
                      start: 280
                      end: 321
                      ctxt: 0
                    value: "\n\n            Styled with sx prop\n\n        "
                    raw: "\n\n            Styled with sx prop\n\n        "
                closing:
                  type: JSXClosingElement
                  span:
                    start: 321
                    end: 327
                    ctxt: 0
                  name:
                    type: Identifier
                    span:
                      start: 323
                      end: 326
                      ctxt: 1
                    value: Box
                    optional: false
      decorators: []
      generator: false
      identifier:
        type: Identifier
        span:
          start: 90
          end: 104
          ctxt: 1
        value: PropertyAccess
        optional: false
      params:
        - type: Parameter
          span:
            start: 105
            end: 109
            ctxt: 0
          decorators: []
          pat:
            optional: false
            span:
              start: 105
              end: 109
              ctxt: 2
            type: Identifier
            typeAnnotation: ~
            value: key1
        - type: Parameter
          span:
            start: 111
            end: 115
            ctxt: 0
          decorators: []
          pat:
            optional: false
            span:
              start: 111
              end: 115
              ctxt: 2
            type: Identifier
            typeAnnotation: ~
            value: key2
      returnType: ~
      span:
        start: 81
        end: 336
        ctxt: 0
      type: FunctionExpression
      typeParameters: ~
