// Jest Snapshot v1, https://goo.gl/fbAQLP

exports[`\`alias-config\` command should match the snapshot 1`] = `
{
  "absolutePath": Any<String>,
  "packages": {},
  "root": {
    "aliases": {
      "@components": [
        "src/components/index.ts",
      ],
      "@ignored/*": [
        "src/ignored-components/*",
      ],
    },
    "exportMap": {},
    "importMap": {
      "custom-alias/*": [
        "*",
      ],
    },
    "name": "custom-alias",
    "path": "",
    "version": "1.0.0",
  },
}
`;
